Archive member included to satisfy reference by file (symbol)

c:/program files (x86)/gnu arm embedded toolchain/10 2021.10/bin/../lib/gcc/arm-none-eabi/10.3.1/../../../../arm-none-eabi/lib/thumb/v7e-m+dp/hard\libc_nano.a(lib_a-exit.o)
                              c:/program files (x86)/gnu arm embedded toolchain/10 2021.10/bin/../lib/gcc/arm-none-eabi/10.3.1/../../../../arm-none-eabi/lib/thumb/v7e-m+dp/hard/crt0.o (exit)
c:/program files (x86)/gnu arm embedded toolchain/10 2021.10/bin/../lib/gcc/arm-none-eabi/10.3.1/../../../../arm-none-eabi/lib/thumb/v7e-m+dp/hard\libc_nano.a(lib_a-impure.o)
                              c:/program files (x86)/gnu arm embedded toolchain/10 2021.10/bin/../lib/gcc/arm-none-eabi/10.3.1/../../../../arm-none-eabi/lib/thumb/v7e-m+dp/hard\libc_nano.a(lib_a-exit.o) (_global_impure_ptr)
c:/program files (x86)/gnu arm embedded toolchain/10 2021.10/bin/../lib/gcc/arm-none-eabi/10.3.1/../../../../arm-none-eabi/lib/thumb/v7e-m+dp/hard\libc_nano.a(lib_a-init.o)
                              c:/program files (x86)/gnu arm embedded toolchain/10 2021.10/bin/../lib/gcc/arm-none-eabi/10.3.1/../../../../arm-none-eabi/lib/thumb/v7e-m+dp/hard/crt0.o (__libc_init_array)
c:/program files (x86)/gnu arm embedded toolchain/10 2021.10/bin/../lib/gcc/arm-none-eabi/10.3.1/../../../../arm-none-eabi/lib/thumb/v7e-m+dp/hard\libc_nano.a(lib_a-memset.o)
                              c:/program files (x86)/gnu arm embedded toolchain/10 2021.10/bin/../lib/gcc/arm-none-eabi/10.3.1/../../../../arm-none-eabi/lib/thumb/v7e-m+dp/hard/crt0.o (memset)
c:/program files (x86)/gnu arm embedded toolchain/10 2021.10/bin/../lib/gcc/arm-none-eabi/10.3.1/../../../../arm-none-eabi/lib/thumb/v7e-m+dp/hard\libnosys.a(_exit.o)
                              c:/program files (x86)/gnu arm embedded toolchain/10 2021.10/bin/../lib/gcc/arm-none-eabi/10.3.1/../../../../arm-none-eabi/lib/thumb/v7e-m+dp/hard\libc_nano.a(lib_a-exit.o) (_exit)
c:/program files (x86)/gnu arm embedded toolchain/10 2021.10/bin/../lib/gcc/arm-none-eabi/10.3.1/thumb/v7e-m+dp/hard\libgcc.a(_aeabi_uldivmod.o)
                              build/stm32h7xx_hal_uart.o (__aeabi_uldivmod)
c:/program files (x86)/gnu arm embedded toolchain/10 2021.10/bin/../lib/gcc/arm-none-eabi/10.3.1/thumb/v7e-m+dp/hard\libgcc.a(_udivmoddi4.o)
                              c:/program files (x86)/gnu arm embedded toolchain/10 2021.10/bin/../lib/gcc/arm-none-eabi/10.3.1/thumb/v7e-m+dp/hard\libgcc.a(_aeabi_uldivmod.o) (__udivmoddi4)
c:/program files (x86)/gnu arm embedded toolchain/10 2021.10/bin/../lib/gcc/arm-none-eabi/10.3.1/thumb/v7e-m+dp/hard\libgcc.a(_dvmd_tls.o)
                              c:/program files (x86)/gnu arm embedded toolchain/10 2021.10/bin/../lib/gcc/arm-none-eabi/10.3.1/thumb/v7e-m+dp/hard\libgcc.a(_aeabi_uldivmod.o) (__aeabi_ldiv0)

Discarded input sections

 .text          0x00000000        0x0 c:/program files (x86)/gnu arm embedded toolchain/10 2021.10/bin/../lib/gcc/arm-none-eabi/10.3.1/thumb/v7e-m+dp/hard/crti.o
 .data          0x00000000        0x0 c:/program files (x86)/gnu arm embedded toolchain/10 2021.10/bin/../lib/gcc/arm-none-eabi/10.3.1/thumb/v7e-m+dp/hard/crti.o
 .bss           0x00000000        0x0 c:/program files (x86)/gnu arm embedded toolchain/10 2021.10/bin/../lib/gcc/arm-none-eabi/10.3.1/thumb/v7e-m+dp/hard/crti.o
 .data          0x00000000        0x4 c:/program files (x86)/gnu arm embedded toolchain/10 2021.10/bin/../lib/gcc/arm-none-eabi/10.3.1/thumb/v7e-m+dp/hard/crtbegin.o
 .rodata        0x00000000       0x24 c:/program files (x86)/gnu arm embedded toolchain/10 2021.10/bin/../lib/gcc/arm-none-eabi/10.3.1/thumb/v7e-m+dp/hard/crtbegin.o
 .text          0x00000000       0x7c c:/program files (x86)/gnu arm embedded toolchain/10 2021.10/bin/../lib/gcc/arm-none-eabi/10.3.1/../../../../arm-none-eabi/lib/thumb/v7e-m+dp/hard/crt0.o
 .data          0x00000000        0x0 c:/program files (x86)/gnu arm embedded toolchain/10 2021.10/bin/../lib/gcc/arm-none-eabi/10.3.1/../../../../arm-none-eabi/lib/thumb/v7e-m+dp/hard/crt0.o
 .bss           0x00000000        0x0 c:/program files (x86)/gnu arm embedded toolchain/10 2021.10/bin/../lib/gcc/arm-none-eabi/10.3.1/../../../../arm-none-eabi/lib/thumb/v7e-m+dp/hard/crt0.o
 .ARM.extab     0x00000000        0x0 c:/program files (x86)/gnu arm embedded toolchain/10 2021.10/bin/../lib/gcc/arm-none-eabi/10.3.1/../../../../arm-none-eabi/lib/thumb/v7e-m+dp/hard/crt0.o
 .ARM.exidx     0x00000000       0x10 c:/program files (x86)/gnu arm embedded toolchain/10 2021.10/bin/../lib/gcc/arm-none-eabi/10.3.1/../../../../arm-none-eabi/lib/thumb/v7e-m+dp/hard/crt0.o
 .ARM.attributes
                0x00000000       0x1c c:/program files (x86)/gnu arm embedded toolchain/10 2021.10/bin/../lib/gcc/arm-none-eabi/10.3.1/../../../../arm-none-eabi/lib/thumb/v7e-m+dp/hard/crt0.o
 .text          0x00000000        0x0 build/main.o
 .data          0x00000000        0x0 build/main.o
 .bss           0x00000000        0x0 build/main.o
[...]
Memory Configuration

Name             Origin             Length             Attributes
DTCMRAM          0x20000000         0x00020000         xrw
RAM_D1           0x24000000         0x00080000         xrw
RAM_D2           0x30000000         0x00048000         xrw
RAM_D3           0x38000000         0x00010000         xrw
ITCMRAM          0x00000000         0x00010000         xrw
FLASH            0x08000000         0x00020000         xr
*default*        0x00000000         0xffffffff

Linker script and memory map

LOAD c:/program files (x86)/gnu arm embedded toolchain/10 2021.10/bin/../lib/gcc/arm-none-eabi/10.3.1/thumb/v7e-m+dp/hard/crti.o
LOAD c:/program files (x86)/gnu arm embedded toolchain/10 2021.10/bin/../lib/gcc/arm-none-eabi/10.3.1/thumb/v7e-m+dp/hard/crtbegin.o
LOAD c:/program files (x86)/gnu arm embedded toolchain/10 2021.10/bin/../lib/gcc/arm-none-eabi/10.3.1/../../../../arm-none-eabi/lib/thumb/v7e-m+dp/hard/crt0.o
LOAD build/main.o
LOAD build/led.o
LOAD build/commands.o
LOAD build/ignition.o
LOAD build/baro.o
LOAD build/imu.o
LOAD build/flash.o
LOAD build/usb.o
LOAD build/sensor.o
LOAD build/stm32h7xx_it.o
LOAD build/stm32h7xx_hal_msp.o
LOAD build/system_stm32h7xx.o
LOAD build/stm32h7xx_hal_cortex.o
LOAD build/stm32h7xx_hal_rcc.o
LOAD build/stm32h7xx_hal_rcc_ex.o
LOAD build/stm32h7xx_hal_flash.o
LOAD build/stm32h7xx_hal_flash_ex.o
LOAD build/stm32h7xx_hal_gpio.o
LOAD build/stm32h7xx_hal_hsem.o
LOAD build/stm32h7xx_hal_dma.o
LOAD build/stm32h7xx_hal_dma_ex.o
LOAD build/stm32h7xx_hal_mdma.o
LOAD build/stm32h7xx_hal_pwr.o
LOAD build/stm32h7xx_hal_pwr_ex.o
LOAD build/stm32h7xx_hal.o
LOAD build/stm32h7xx_hal_i2c.o
LOAD build/stm32h7xx_hal_i2c_ex.o
LOAD build/stm32h7xx_hal_exti.o
LOAD build/stm32h7xx_hal_tim.o
LOAD build/stm32h7xx_hal_tim_ex.o
LOAD build/stm32h7xx_hal_uart.o
LOAD build/stm32h7xx_hal_uart_ex.o
LOAD build/stm32h7xx_hal_spi.o
LOAD build/stm32h7xx_hal_spi_ex.o
LOAD build/startup_stm32h750xx.o
LOAD c:/program files (x86)/gnu arm embedded toolchain/10 2021.10/bin/../lib/gcc/arm-none-eabi/10.3.1/../../../../arm-none-eabi/lib/thumb/v7e-m+dp/hard\libc_nano.a
LOAD c:/program files (x86)/gnu arm embedded toolchain/10 2021.10/bin/../lib/gcc/arm-none-eabi/10.3.1/../../../../arm-none-eabi/lib/thumb/v7e-m+dp/hard\libm.a
LOAD c:/program files (x86)/gnu arm embedded toolchain/10 2021.10/bin/../lib/gcc/arm-none-eabi/10.3.1/../../../../arm-none-eabi/lib/thumb/v7e-m+dp/hard\libnosys.a
START GROUP
LOAD c:/program files (x86)/gnu arm embedded toolchain/10 2021.10/bin/../lib/gcc/arm-none-eabi/10.3.1/thumb/v7e-m+dp/hard\libgcc.a
LOAD c:/program files (x86)/gnu arm embedded toolchain/10 2021.10/bin/../lib/gcc/arm-none-eabi/10.3.1/../../../../arm-none-eabi/lib/thumb/v7e-m+dp/hard\libc_nano.a
END GROUP
START GROUP
LOAD c:/program files (x86)/gnu arm embedded toolchain/10 2021.10/bin/../lib/gcc/arm-none-eabi/10.3.1/thumb/v7e-m+dp/hard\libgcc.a
LOAD c:/program files (x86)/gnu arm embedded toolchain/10 2021.10/bin/../lib/gcc/arm-none-eabi/10.3.1/../../../../arm-none-eabi/lib/thumb/v7e-m+dp/hard\libc_nano.a
END GROUP
LOAD c:/program files (x86)/gnu arm embedded toolchain/10 2021.10/bin/../lib/gcc/arm-none-eabi/10.3.1/thumb/v7e-m+dp/hard/crtend.o
LOAD c:/program files (x86)/gnu arm embedded toolchain/10 2021.10/bin/../lib/gcc/arm-none-eabi/10.3.1/thumb/v7e-m+dp/hard/crtn.o
                0x20020000                _estack = 0x20020000
                0x00000200                _Min_Heap_Size = 0x200
                0x00000400                _Min_Stack_Size = 0x400

.isr_vector     0x08000000      0x298
                0x08000000                . = ALIGN (0x4)
 *(.isr_vector)
 .isr_vector    0x08000000      0x298 build/startup_stm32h750xx.o
                0x08000000                g_pfnVectors
                0x08000298                . = ALIGN (0x4)

.text           0x08000298     0x3fe8
                0x08000298                . = ALIGN (0x4)
 *(.text)
 .text          0x08000298       0x40 c:/program files (x86)/gnu arm embedded toolchain/10 2021.10/bin/../lib/gcc/arm-none-eabi/10.3.1/thumb/v7e-m+dp/hard/crtbegin.o
 .text          0x080002d8       0x30 c:/program files (x86)/gnu arm embedded toolchain/10 2021.10/bin/../lib/gcc/arm-none-eabi/10.3.1/thumb/v7e-m+dp/hard\libgcc.a(_aeabi_uldivmod.o)
                0x080002d8                __aeabi_uldivmod
 .text          0x08000308      0x2d0 c:/program files (x86)/gnu arm embedded toolchain/10 2021.10/bin/../lib/gcc/arm-none-eabi/10.3.1/thumb/v7e-m+dp/hard\libgcc.a(_udivmoddi4.o)
                0x08000308                __udivmoddi4
 .text          0x080005d8        0x4 c:/program files (x86)/gnu arm embedded toolchain/10 2021.10/bin/../lib/gcc/arm-none-eabi/10.3.1/thumb/v7e-m+dp/hard\libgcc.a(_dvmd_tls.o)
                0x080005d8                __aeabi_idiv0
                0x080005d8                __aeabi_ldiv0
 *(.text*)
 .text.GPIO_Init
                0x080005dc      0x190 build/main.o
 .text.Error_Handler
                0x0800076c        0xa build/main.o
                0x0800076c                Error_Handler
 *fill*         0x08000776        0x2 
 .text.USB_UART_Init
                0x08000778       0x60 build/main.o
 .text.Baro_I2C_Init
                0x080007d8       0x58 build/main.o
 .text.IMU_GPS_I2C_Init
                0x08000830       0x58 build/main.o
 .text.FLASH_SPI_Init
                0x08000888       0x58 build/main.o
 .text.SystemClock_Config
                0x080008e0       0xc0 build/main.o
                0x080008e0                SystemClock_Config
 .text.main     0x080009a0       0x50 build/main.o
                0x080009a0                main
 .text.led_reset
                0x080009f0       0x14 build/led.o
                0x080009f0                led_reset
 .text.led_error_assert
                0x08000a04       0x18 build/led.o
                0x08000a04                led_error_assert
 .text.led_set_color
                0x08000a1c       0x48 build/led.o
                0x08000a1c                led_set_color
 .text.ign_switch_cont
                0x08000a64       0x14 build/ignition.o
                0x08000a64                ign_switch_cont
 .text.IMU_MAG_Read_Registers
                0x08000a78       0x2c build/imu.o
                0x08000a78                IMU_MAG_Read_Registers
 .text.IMU_Read_Registers
                0x08000aa4       0x30 build/imu.o
                0x08000aa4                IMU_Read_Registers
 .text.imu_get_accel_xyz
                0x08000ad4       0x68 build/imu.o
                0x08000ad4                imu_get_accel_xyz
 .text.imu_get_gyro_xyz
                0x08000b3c       0x68 build/imu.o
                0x08000b3c                imu_get_gyro_xyz
 .text.imu_get_mag_xyz
                0x08000ba4       0x68 build/imu.o
                0x08000ba4                imu_get_mag_xyz
 .text.usb_receive
                0x08000c0c       0x24 build/usb.o
                0x08000c0c                usb_receive
 .text.sensor_dump
                0x08000c30       0x4c build/sensor.o
                0x08000c30                sensor_dump
 .text.NMI_Handler
                0x08000c7c        0x2 build/stm32h7xx_it.o
                0x08000c7c                NMI_Handler
 .text.HardFault_Handler
                0x08000c7e        0x2 build/stm32h7xx_it.o
                0x08000c7e                HardFault_Handler
 .text.MemManage_Handler
                0x08000c80        0x2 build/stm32h7xx_it.o
                0x08000c80                MemManage_Handler
 .text.BusFault_Handler
                0x08000c82        0x2 build/stm32h7xx_it.o
                0x08000c82                BusFault_Handler
 .text.UsageFault_Handler
                0x08000c84        0x2 build/stm32h7xx_it.o
                0x08000c84                UsageFault_Handler
 .text.SVC_Handler
                0x08000c86        0x2 build/stm32h7xx_it.o
                0x08000c86                SVC_Handler
 .text.DebugMon_Handler
                0x08000c88        0x2 build/stm32h7xx_it.o
                0x08000c88                DebugMon_Handler
 .text.PendSV_Handler
                0x08000c8a        0x2 build/stm32h7xx_it.o
                0x08000c8a                PendSV_Handler
 .text.SysTick_Handler
                0x08000c8c        0x8 build/stm32h7xx_it.o
                0x08000c8c                SysTick_Handler
 .text.HAL_MspInit
                0x08000c94       0x24 build/stm32h7xx_hal_msp.o
                0x08000c94                HAL_MspInit
 .text.HAL_I2C_MspInit
                0x08000cb8      0x100 build/stm32h7xx_hal_msp.o
                0x08000cb8                HAL_I2C_MspInit
 .text.HAL_SPI_MspInit
                0x08000db8       0xac build/stm32h7xx_hal_msp.o
                0x08000db8                HAL_SPI_MspInit
 .text.HAL_UART_MspInit
                0x08000e64       0x94 build/stm32h7xx_hal_msp.o
                0x08000e64                HAL_UART_MspInit
 .text.SystemInit
                0x08000ef8       0xcc build/system_stm32h7xx.o
                0x08000ef8                SystemInit
 .text.HAL_NVIC_SetPriorityGrouping
                0x08000fc4       0x24 build/stm32h7xx_hal_cortex.o
                0x08000fc4                HAL_NVIC_SetPriorityGrouping
 .text.HAL_NVIC_SetPriority
                0x08000fe8       0x6c build/stm32h7xx_hal_cortex.o
                0x08000fe8                HAL_NVIC_SetPriority
 .text.HAL_SYSTICK_Config
                0x08001054       0x28 build/stm32h7xx_hal_cortex.o
                0x08001054                HAL_SYSTICK_Config
 .text.HAL_RCC_OscConfig
                0x0800107c      0x674 build/stm32h7xx_hal_rcc.o
                0x0800107c                HAL_RCC_OscConfig
 .text.HAL_RCC_GetSysClockFreq
                0x080016f0      0x1f4 build/stm32h7xx_hal_rcc.o
                0x080016f0                HAL_RCC_GetSysClockFreq
 .text.HAL_RCC_ClockConfig
                0x080018e4      0x294 build/stm32h7xx_hal_rcc.o
                0x080018e4                HAL_RCC_ClockConfig
 .text.HAL_RCC_GetHCLKFreq
                0x08001b78       0x44 build/stm32h7xx_hal_rcc.o
                0x08001b78                HAL_RCC_GetHCLKFreq
 .text.HAL_RCC_GetPCLK1Freq
                0x08001bbc       0x24 build/stm32h7xx_hal_rcc.o
                0x08001bbc                HAL_RCC_GetPCLK1Freq
 .text.HAL_RCC_GetPCLK2Freq
                0x08001be0       0x24 build/stm32h7xx_hal_rcc.o
                0x08001be0                HAL_RCC_GetPCLK2Freq
 .text.RCCEx_PLL2_Config
                0x08001c04      0x10c build/stm32h7xx_hal_rcc_ex.o
 .text.RCCEx_PLL3_Config
                0x08001d10      0x10c build/stm32h7xx_hal_rcc_ex.o
 .text.HAL_RCCEx_PeriphCLKConfig
                0x08001e1c      0x9c4 build/stm32h7xx_hal_rcc_ex.o
                0x08001e1c                HAL_RCCEx_PeriphCLKConfig
 .text.HAL_RCCEx_GetD3PCLK1Freq
                0x080027e0       0x24 build/stm32h7xx_hal_rcc_ex.o
                0x080027e0                HAL_RCCEx_GetD3PCLK1Freq
 .text.HAL_RCCEx_GetPLL2ClockFreq
                0x08002804      0x1f8 build/stm32h7xx_hal_rcc_ex.o
                0x08002804                HAL_RCCEx_GetPLL2ClockFreq
 .text.HAL_RCCEx_GetPLL3ClockFreq
                0x080029fc      0x1f8 build/stm32h7xx_hal_rcc_ex.o
                0x080029fc                HAL_RCCEx_GetPLL3ClockFreq
 .text.HAL_GPIO_Init
                0x08002bf4      0x220 build/stm32h7xx_hal_gpio.o
                0x08002bf4                HAL_GPIO_Init
 .text.HAL_GPIO_ReadPin
                0x08002e14        0xe build/stm32h7xx_hal_gpio.o
                0x08002e14                HAL_GPIO_ReadPin
 .text.HAL_GPIO_WritePin
                0x08002e22        0xc build/stm32h7xx_hal_gpio.o
                0x08002e22                HAL_GPIO_WritePin
 *fill*         0x08002e2e        0x2 
 .text.HAL_PWREx_ConfigSupply
                0x08002e30       0x54 build/stm32h7xx_hal_pwr_ex.o
                0x08002e30                HAL_PWREx_ConfigSupply
 .text.HAL_InitTick
                0x08002e84       0x50 build/stm32h7xx_hal.o
                0x08002e84                HAL_InitTick
 .text.HAL_Init
                0x08002ed4       0x5c build/stm32h7xx_hal.o
                0x08002ed4                HAL_Init
 .text.HAL_IncTick
                0x08002f30       0x18 build/stm32h7xx_hal.o
                0x08002f30                HAL_IncTick
 .text.HAL_GetTick
                0x08002f48        0xc build/stm32h7xx_hal.o
                0x08002f48                HAL_GetTick
 .text.HAL_GetREVID
                0x08002f54        0xc build/stm32h7xx_hal.o
                0x08002f54                HAL_GetREVID
 .text.I2C_Flush_TXDR
                0x08002f60       0x22 build/stm32h7xx_hal_i2c.o
 .text.I2C_TransferConfig
                0x08002f82       0x3c build/stm32h7xx_hal_i2c.o
 .text.I2C_IsErrorOccurred
                0x08002fbe      0x130 build/stm32h7xx_hal_i2c.o
 .text.I2C_WaitOnTXISFlagUntilTimeout
                0x080030ee       0x56 build/stm32h7xx_hal_i2c.o
 .text.I2C_WaitOnFlagUntilTimeout
                0x08003144       0x5a build/stm32h7xx_hal_i2c.o
 *fill*         0x0800319e        0x2 
 .text.I2C_RequestMemoryRead
                0x080031a0       0x78 build/stm32h7xx_hal_i2c.o
 .text.I2C_WaitOnSTOPFlagUntilTimeout
                0x08003218       0x50 build/stm32h7xx_hal_i2c.o
 .text.HAL_I2C_Init
                0x08003268       0xbc build/stm32h7xx_hal_i2c.o
                0x08003268                HAL_I2C_Init
 .text.HAL_I2C_Mem_Read
                0x08003324      0x1b0 build/stm32h7xx_hal_i2c.o
                0x08003324                HAL_I2C_Mem_Read
 .text.HAL_I2CEx_ConfigAnalogFilter
                0x080034d4       0x5c build/stm32h7xx_hal_i2c_ex.o
                0x080034d4                HAL_I2CEx_ConfigAnalogFilter
 .text.HAL_I2CEx_ConfigDigitalFilter
                0x08003530       0x58 build/stm32h7xx_hal_i2c_ex.o
                0x08003530                HAL_I2CEx_ConfigDigitalFilter
 .text.UART_SetConfig
                0x08003588      0x5f4 build/stm32h7xx_hal_uart.o
                0x08003588                UART_SetConfig
 .text.UART_AdvFeatureConfig
                0x08003b7c       0xca build/stm32h7xx_hal_uart.o
                0x08003b7c                UART_AdvFeatureConfig
 .text.UART_WaitOnFlagUntilTimeout
                0x08003c46       0xdc build/stm32h7xx_hal_uart.o
                0x08003c46                UART_WaitOnFlagUntilTimeout
 .text.HAL_UART_Receive
                0x08003d22      0x128 build/stm32h7xx_hal_uart.o
                0x08003d22                HAL_UART_Receive
 .text.UART_CheckIdleState
                0x08003e4a       0x74 build/stm32h7xx_hal_uart.o
                0x08003e4a                UART_CheckIdleState
 .text.HAL_UART_Init
                0x08003ebe       0x66 build/stm32h7xx_hal_uart.o
                0x08003ebe                HAL_UART_Init
 .text.UARTEx_SetNbDataToProcess
                0x08003f24       0x4c build/stm32h7xx_hal_uart_ex.o
 .text.HAL_UARTEx_DisableFifoMode
                0x08003f70       0x3e build/stm32h7xx_hal_uart_ex.o
                0x08003f70                HAL_UARTEx_DisableFifoMode
 .text.HAL_UARTEx_SetTxFifoThreshold
                0x08003fae       0x4a build/stm32h7xx_hal_uart_ex.o
                0x08003fae                HAL_UARTEx_SetTxFifoThreshold
 .text.HAL_UARTEx_SetRxFifoThreshold
                0x08003ff8       0x4a build/stm32h7xx_hal_uart_ex.o
                0x08003ff8                HAL_UARTEx_SetRxFifoThreshold
 .text.SPI_GetPacketSize
                0x08004042       0x10 build/stm32h7xx_hal_spi.o
 *fill*         0x08004052        0x2 
 .text.HAL_SPI_Init
                0x08004054      0x168 build/stm32h7xx_hal_spi.o
                0x08004054                HAL_SPI_Init
 .text.Reset_Handler
                0x080041bc       0x50 build/startup_stm32h750xx.o
                0x080041bc                Reset_Handler
 .text.Default_Handler
                0x0800420c        0x2 build/startup_stm32h750xx.o
                0x0800420c                RTC_Alarm_IRQHandler
                0x0800420c                HASH_RNG_IRQHandler
                0x0800420c                EXTI2_IRQHandler
                0x0800420c                TIM8_CC_IRQHandler
                0x0800420c                HRTIM1_Master_IRQHandler
                0x0800420c                UART8_IRQHandler
                0x0800420c                SPI4_IRQHandler
                0x0800420c                TIM1_CC_IRQHandler
                0x0800420c                BDMA_Channel6_IRQHandler
                0x0800420c                DMA2_Stream5_IRQHandler
                0x0800420c                HRTIM1_FLT_IRQHandler
                0x0800420c                JPEG_IRQHandler
                0x0800420c                DMA1_Stream5_IRQHandler
                0x0800420c                BDMA_Channel1_IRQHandler
                0x0800420c                HRTIM1_TIMD_IRQHandler
                0x0800420c                TAMP_STAMP_IRQHandler
                0x0800420c                EXTI3_IRQHandler
                0x0800420c                LPTIM4_IRQHandler
                0x0800420c                TIM8_TRG_COM_TIM14_IRQHandler
                0x0800420c                LPTIM2_IRQHandler
                0x0800420c                DFSDM1_FLT1_IRQHandler
                0x0800420c                DMAMUX2_OVR_IRQHandler
                0x0800420c                TIM8_UP_TIM13_IRQHandler
                0x0800420c                I2C3_ER_IRQHandler
                0x0800420c                DFSDM1_FLT2_IRQHandler
                0x0800420c                MDMA_IRQHandler
                0x0800420c                LPTIM3_IRQHandler
                0x0800420c                HSEM1_IRQHandler
                0x0800420c                EXTI0_IRQHandler
                0x0800420c                I2C2_EV_IRQHandler
                0x0800420c                DMA1_Stream2_IRQHandler
                0x0800420c                FPU_IRQHandler
                0x0800420c                OTG_HS_WKUP_IRQHandler
                0x0800420c                FDCAN1_IT1_IRQHandler
                0x0800420c                LTDC_ER_IRQHandler
                0x0800420c                DMA2_Stream2_IRQHandler
                0x0800420c                HRTIM1_TIME_IRQHandler
                0x0800420c                SPI1_IRQHandler
                0x0800420c                TIM6_DAC_IRQHandler
                0x0800420c                DCMI_IRQHandler
                0x0800420c                HRTIM1_TIMC_IRQHandler
                0x0800420c                DMA2_Stream3_IRQHandler
                0x0800420c                SAI2_IRQHandler
                0x0800420c                DFSDM1_FLT3_IRQHandler
                0x0800420c                USART6_IRQHandler
                0x0800420c                TIM17_IRQHandler
                0x0800420c                USART3_IRQHandler
                0x0800420c                BDMA_Channel7_IRQHandler
                0x0800420c                CRYP_IRQHandler
                0x0800420c                LPTIM5_IRQHandler
                0x0800420c                UART5_IRQHandler
                0x0800420c                ADC3_IRQHandler
                0x0800420c                DMA2_Stream0_IRQHandler
                0x0800420c                TIM4_IRQHandler
                0x0800420c                BDMA_Channel2_IRQHandler
                0x0800420c                QUADSPI_IRQHandler
                0x0800420c                I2C1_EV_IRQHandler
                0x0800420c                DMA1_Stream6_IRQHandler
                0x0800420c                DMAMUX1_OVR_IRQHandler
                0x0800420c                DMA1_Stream1_IRQHandler
                0x0800420c                TIM16_IRQHandler
                0x0800420c                UART4_IRQHandler
                0x0800420c                BDMA_Channel5_IRQHandler
                0x0800420c                TIM3_IRQHandler
                0x0800420c                RCC_IRQHandler
                0x0800420c                TIM8_BRK_TIM12_IRQHandler
                0x0800420c                TIM1_TRG_COM_IRQHandler
                0x0800420c                Default_Handler
                0x0800420c                ECC_IRQHandler
                0x0800420c                CEC_IRQHandler
                0x0800420c                EXTI15_10_IRQHandler
                0x0800420c                BDMA_Channel0_IRQHandler
                0x0800420c                ADC_IRQHandler
                0x0800420c                DMA1_Stream7_IRQHandler
                0x0800420c                HRTIM1_TIMA_IRQHandler
                0x0800420c                SPI5_IRQHandler
                0x0800420c                TIM7_IRQHandler
                0x0800420c                SDMMC1_IRQHandler
                0x0800420c                TIM5_IRQHandler
                0x0800420c                DMA2_Stream7_IRQHandler
                0x0800420c                TIM15_IRQHandler
                0x0800420c                PVD_AVD_IRQHandler
                0x0800420c                I2C3_EV_IRQHandler
                0x0800420c                EXTI9_5_IRQHandler
                0x0800420c                RTC_WKUP_IRQHandler
                0x0800420c                LTDC_IRQHandler
                0x0800420c                SAI3_IRQHandler
                0x0800420c                ETH_WKUP_IRQHandler
                0x0800420c                SPDIF_RX_IRQHandler
                0x0800420c                SPI2_IRQHandler
                0x0800420c                OTG_HS_EP1_IN_IRQHandler
                0x0800420c                DMA1_Stream0_IRQHandler
                0x0800420c                CRS_IRQHandler
                0x0800420c                EXTI4_IRQHandler
                0x0800420c                HRTIM1_TIMB_IRQHandler
                0x0800420c                FDCAN2_IT1_IRQHandler
                0x0800420c                ETH_IRQHandler
                0x0800420c                TIM1_UP_IRQHandler
                0x0800420c                BDMA_Channel4_IRQHandler
                0x0800420c                OTG_HS_EP1_OUT_IRQHandler
                0x0800420c                WWDG_IRQHandler
                0x0800420c                SPI6_IRQHandler
                0x0800420c                MDIOS_IRQHandler
                0x0800420c                I2C4_EV_IRQHandler
                0x0800420c                FDCAN2_IT0_IRQHandler
                0x0800420c                LPUART1_IRQHandler
                0x0800420c                FDCAN1_IT0_IRQHandler
                0x0800420c                TIM2_IRQHandler
                0x0800420c                OTG_FS_WKUP_IRQHandler
                0x0800420c                OTG_HS_IRQHandler
                0x0800420c                DMA2D_IRQHandler
                0x0800420c                TIM1_BRK_IRQHandler
                0x0800420c                EXTI1_IRQHandler
                0x0800420c                SDMMC2_IRQHandler
                0x0800420c                OTG_FS_EP1_OUT_IRQHandler
                0x0800420c                BDMA_Channel3_IRQHandler
                0x0800420c                UART7_IRQHandler
                0x0800420c                MDIOS_WKUP_IRQHandler
                0x0800420c                USART2_IRQHandler
                0x0800420c                DFSDM1_FLT0_IRQHandler
                0x0800420c                SAI4_IRQHandler
                0x0800420c                I2C2_ER_IRQHandler
                0x0800420c                DMA2_Stream1_IRQHandler
                0x0800420c                FLASH_IRQHandler
                0x0800420c                DMA2_Stream4_IRQHandler
                0x0800420c                USART1_IRQHandler
                0x0800420c                OTG_FS_IRQHandler
                0x0800420c                SPI3_IRQHandler
                0x0800420c                WAKEUP_PIN_IRQHandler
                0x0800420c                DMA1_Stream4_IRQHandler
                0x0800420c                OTG_FS_EP1_IN_IRQHandler
                0x0800420c                I2C1_ER_IRQHandler
                0x0800420c                FMC_IRQHandler
                0x0800420c                FDCAN_CAL_IRQHandler
                0x0800420c                SWPMI1_IRQHandler
                0x0800420c                COMP1_IRQHandler
                0x0800420c                LPTIM1_IRQHandler
                0x0800420c                I2C4_ER_IRQHandler
                0x0800420c                DMA2_Stream6_IRQHandler
                0x0800420c                SAI1_IRQHandler
                0x0800420c                DMA1_Stream3_IRQHandler
 *fill*         0x0800420e        0x2 
 .text.__libc_init_array
                0x08004210       0x48 c:/program files (x86)/gnu arm embedded toolchain/10 2021.10/bin/../lib/gcc/arm-none-eabi/10.3.1/../../../../arm-none-eabi/lib/thumb/v7e-m+dp/hard\libc_nano.a(lib_a-init.o)
                0x08004210                __libc_init_array
 .text.memset   0x08004258       0x10 c:/program files (x86)/gnu arm embedded toolchain/10 2021.10/bin/../lib/gcc/arm-none-eabi/10.3.1/../../../../arm-none-eabi/lib/thumb/v7e-m+dp/hard\libc_nano.a(lib_a-memset.o)
                0x08004258                memset
 *(.glue_7)
 .glue_7        0x08004268        0x0 linker stubs
 *(.glue_7t)
 .glue_7t       0x08004268        0x0 linker stubs
 *(.eh_frame)
 .eh_frame      0x08004268        0x0 c:/program files (x86)/gnu arm embedded toolchain/10 2021.10/bin/../lib/gcc/arm-none-eabi/10.3.1/thumb/v7e-m+dp/hard/crtbegin.o
 *(.init)
 .init          0x08004268        0x4 c:/program files (x86)/gnu arm embedded toolchain/10 2021.10/bin/../lib/gcc/arm-none-eabi/10.3.1/thumb/v7e-m+dp/hard/crti.o
                0x08004268                _init
 .init          0x0800426c        0x8 c:/program files (x86)/gnu arm embedded toolchain/10 2021.10/bin/../lib/gcc/arm-none-eabi/10.3.1/thumb/v7e-m+dp/hard/crtn.o
 *(.fini)
 .fini          0x08004274        0x4 c:/program files (x86)/gnu arm embedded toolchain/10 2021.10/bin/../lib/gcc/arm-none-eabi/10.3.1/thumb/v7e-m+dp/hard/crti.o
                0x08004274                _fini
 .fini          0x08004278        0x8 c:/program files (x86)/gnu arm embedded toolchain/10 2021.10/bin/../lib/gcc/arm-none-eabi/10.3.1/thumb/v7e-m+dp/hard/crtn.o
                0x08004280                . = ALIGN (0x4)
                0x08004280                _etext = .

.vfp11_veneer   0x08004280        0x0
 .vfp11_veneer  0x08004280        0x0 linker stubs

.v4_bx          0x08004280        0x0
 .v4_bx         0x08004280        0x0 linker stubs

.iplt           0x08004280        0x0
 .iplt          0x08004280        0x0 c:/program files (x86)/gnu arm embedded toolchain/10 2021.10/bin/../lib/gcc/arm-none-eabi/10.3.1/thumb/v7e-m+dp/hard/crtbegin.o

.rodata         0x08004280       0x38
                0x08004280                . = ALIGN (0x4)
 *(.rodata)
 *(.rodata*)
 .rodata.D1CorePrescTable
                0x08004280       0x10 build/system_stm32h7xx.o
                0x08004280                D1CorePrescTable
 .rodata.UARTPrescTable
                0x08004290       0x18 build/stm32h7xx_hal_uart.o
                0x08004290                UARTPrescTable
 .rodata.denominator.0
                0x080042a8        0x8 build/stm32h7xx_hal_uart_ex.o
 .rodata.numerator.1
                0x080042b0        0x8 build/stm32h7xx_hal_uart_ex.o
                0x080042b8                . = ALIGN (0x4)

.ARM.extab
 *(.ARM.extab* .gnu.linkonce.armextab.*)

.ARM            0x080042b8        0x8
                0x080042b8                __exidx_start = .
 *(.ARM.exidx*)
 .ARM.exidx     0x080042b8        0x8 c:/program files (x86)/gnu arm embedded toolchain/10 2021.10/bin/../lib/gcc/arm-none-eabi/10.3.1/thumb/v7e-m+dp/hard\libgcc.a(_udivmoddi4.o)
                0x080042c0                __exidx_end = .

.rel.dyn        0x080042c0        0x0
 .rel.iplt      0x080042c0        0x0 c:/program files (x86)/gnu arm embedded toolchain/10 2021.10/bin/../lib/gcc/arm-none-eabi/10.3.1/thumb/v7e-m+dp/hard/crtbegin.o

.preinit_array  0x080042c0        0x0
                0x080042c0                PROVIDE (__preinit_array_start = .)
 *(.preinit_array*)
                0x080042c0                PROVIDE (__preinit_array_end = .)

.init_array     0x080042c0        0x4
                0x080042c0                PROVIDE (__init_array_start = .)
 *(SORT_BY_NAME(.init_array.*))
 *(.init_array*)
 .init_array    0x080042c0        0x4 c:/program files (x86)/gnu arm embedded toolchain/10 2021.10/bin/../lib/gcc/arm-none-eabi/10.3.1/thumb/v7e-m+dp/hard/crtbegin.o
                0x080042c4                PROVIDE (__init_array_end = .)

.fini_array     0x080042c4        0x4
                [!provide]                PROVIDE (__fini_array_start = .)
 *(SORT_BY_NAME(.fini_array.*))
 *(.fini_array*)
 .fini_array    0x080042c4        0x4 c:/program files (x86)/gnu arm embedded toolchain/10 2021.10/bin/../lib/gcc/arm-none-eabi/10.3.1/thumb/v7e-m+dp/hard/crtbegin.o
                [!provide]                PROVIDE (__fini_array_end = .)
                0x080042c8                _sidata = LOADADDR (.data)

.data           0x20000000       0x10 load address 0x080042c8
                0x20000000                . = ALIGN (0x4)
                0x20000000                _sdata = .
 *(.data)
 *(.data*)
 .data.SystemCoreClock
                0x20000000        0x4 build/system_stm32h7xx.o
                0x20000000                SystemCoreClock
 .data.SystemD2Clock
                0x20000004        0x4 build/system_stm32h7xx.o
                0x20000004                SystemD2Clock
 .data.uwTickFreq
                0x20000008        0x1 build/stm32h7xx_hal.o
                0x20000008                uwTickFreq
 *fill*         0x20000009        0x3 
 .data.uwTickPrio
                0x2000000c        0x4 build/stm32h7xx_hal.o
                0x2000000c                uwTickPrio
                0x20000010                . = ALIGN (0x4)
                0x20000010                _edata = .

.igot.plt       0x20000010        0x0 load address 0x080042d8
 .igot.plt      0x20000010        0x0 c:/program files (x86)/gnu arm embedded toolchain/10 2021.10/bin/../lib/gcc/arm-none-eabi/10.3.1/thumb/v7e-m+dp/hard/crtbegin.o
                0x20000010                . = ALIGN (0x4)

.bss            0x20000010      0x1d0 load address 0x080042d8
                0x20000010                _sbss = .
                0x20000010                __bss_start__ = _sbss
 *(.bss)
 .bss           0x20000010       0x1c c:/program files (x86)/gnu arm embedded toolchain/10 2021.10/bin/../lib/gcc/arm-none-eabi/10.3.1/thumb/v7e-m+dp/hard/crtbegin.o
 *(.bss*)
 .bss.hi2c1     0x2000002c       0x4c build/main.o
                0x2000002c                hi2c1
 .bss.hi2c2     0x20000078       0x4c build/main.o
                0x20000078                hi2c2
 .bss.hspi2     0x200000c4       0x88 build/main.o
                0x200000c4                hspi2
 .bss.huart6    0x2000014c       0x90 build/main.o
                0x2000014c                huart6
 .bss.uwTick    0x200001dc        0x4 build/stm32h7xx_hal.o
                0x200001dc                uwTick
 *(COMMON)
                0x200001e0                . = ALIGN (0x4)
                0x200001e0                _ebss = .
                0x200001e0                __bss_end__ = _ebss

._user_heap_stack
                0x200001e0      0x600 load address 0x080042d8
                0x200001e0                . = ALIGN (0x8)
                [!provide]                PROVIDE (end = .)
                [!provide]                PROVIDE (_end = .)
                0x200003e0                . = (. + _Min_Heap_Size)
 *fill*         0x200001e0      0x200 
                0x200007e0                . = (. + _Min_Stack_Size)
 *fill*         0x200003e0      0x400 
                0x200007e0                . = ALIGN (0x8)

/DISCARD/
 libc.a(*)
 libm.a(*)
 libgcc.a(*)

.ARM.attributes
                0x00000000       0x2e
 *(.ARM.attributes)
 .ARM.attributes
                0x00000000       0x1e c:/program files (x86)/gnu arm embedded toolchain/10 2021.10/bin/../lib/gcc/arm-none-eabi/10.3.1/thumb/v7e-m+dp/hard/crti.o
 .ARM.attributes
                0x0000001e       0x32 c:/program files (x86)/gnu arm embedded toolchain/10 2021.10/bin/../lib/gcc/arm-none-eabi/10.3.1/thumb/v7e-m+dp/hard/crtbegin.o
 .ARM.attributes
                0x00000050       0x32 build/main.o
 .ARM.attributes
                0x00000082       0x32 build/led.o
 .ARM.attributes
                0x000000b4       0x32 build/ignition.o
 .ARM.attributes
                0x000000e6       0x32 build/imu.o
 .ARM.attributes
                0x00000118       0x32 build/usb.o
 .ARM.attributes
                0x0000014a       0x32 build/sensor.o
 .ARM.attributes
                0x0000017c       0x32 build/stm32h7xx_it.o
 .ARM.attributes
                0x000001ae       0x32 build/stm32h7xx_hal_msp.o
 .ARM.attributes
                0x000001e0       0x32 build/system_stm32h7xx.o
 .ARM.attributes
                0x00000212       0x32 build/stm32h7xx_hal_cortex.o
 .ARM.attributes
                0x00000244       0x32 build/stm32h7xx_hal_rcc.o
 .ARM.attributes
                0x00000276       0x32 build/stm32h7xx_hal_rcc_ex.o
 .ARM.attributes
                0x000002a8       0x32 build/stm32h7xx_hal_gpio.o
 .ARM.attributes
                0x000002da       0x32 build/stm32h7xx_hal_pwr_ex.o
 .ARM.attributes
                0x0000030c       0x32 build/stm32h7xx_hal.o
 .ARM.attributes
                0x0000033e       0x32 build/stm32h7xx_hal_i2c.o
 .ARM.attributes
                0x00000370       0x32 build/stm32h7xx_hal_i2c_ex.o
 .ARM.attributes
                0x000003a2       0x32 build/stm32h7xx_hal_uart.o
 .ARM.attributes
                0x000003d4       0x32 build/stm32h7xx_hal_uart_ex.o
 .ARM.attributes
                0x00000406       0x32 build/stm32h7xx_hal_spi.o
 .ARM.attributes
                0x00000438       0x21 build/startup_stm32h750xx.o
 .ARM.attributes
                0x00000459       0x32 c:/program files (x86)/gnu arm embedded toolchain/10 2021.10/bin/../lib/gcc/arm-none-eabi/10.3.1/../../../../arm-none-eabi/lib/thumb/v7e-m+dp/hard\libc_nano.a(lib_a-init.o)
 .ARM.attributes
                0x0000048b       0x32 c:/program files (x86)/gnu arm embedded toolchain/10 2021.10/bin/../lib/gcc/arm-none-eabi/10.3.1/../../../../arm-none-eabi/lib/thumb/v7e-m+dp/hard\libc_nano.a(lib_a-memset.o)
 .ARM.attributes
                0x000004bd       0x1e c:/program files (x86)/gnu arm embedded toolchain/10 2021.10/bin/../lib/gcc/arm-none-eabi/10.3.1/thumb/v7e-m+dp/hard\libgcc.a(_aeabi_uldivmod.o)
 .ARM.attributes
                0x000004db       0x32 c:/program files (x86)/gnu arm embedded toolchain/10 2021.10/bin/../lib/gcc/arm-none-eabi/10.3.1/thumb/v7e-m+dp/hard\libgcc.a(_udivmoddi4.o)
 .ARM.attributes
                0x0000050d       0x1e c:/program files (x86)/gnu arm embedded toolchain/10 2021.10/bin/../lib/gcc/arm-none-eabi/10.3.1/thumb/v7e-m+dp/hard\libgcc.a(_dvmd_tls.o)
 .ARM.attributes
                0x0000052b       0x1e c:/program files (x86)/gnu arm embedded toolchain/10 2021.10/bin/../lib/gcc/arm-none-eabi/10.3.1/thumb/v7e-m+dp/hard/crtn.o
OUTPUT(build/data-logger.elf elf32-littlearm)
LOAD linker stubs
LOAD c:/program files (x86)/gnu arm embedded toolchain/10 2021.10/bin/../lib/gcc/arm-none-eabi/10.3.1/../../../../arm-none-eabi/lib/thumb/v7e-m+dp/hard\libc.a
LOAD c:/program files (x86)/gnu arm embedded toolchain/10 2021.10/bin/../lib/gcc/arm-none-eabi/10.3.1/../../../../arm-none-eabi/lib/thumb/v7e-m+dp/hard\libm.a
LOAD c:/program files (x86)/gnu arm embedded toolchain/10 2021.10/bin/../lib/gcc/arm-none-eabi/10.3.1/thumb/v7e-m+dp/hard\libgcc.a

.debug_info     0x00000000    0x1ecb0
 .debug_info    0x00000000     0x23a4 build/main.o
 .debug_info    0x000023a4      0x391 build/led.o
 .debug_info    0x00002735      0x490 build/ignition.o
 .debug_info    0x00002bc5     0x103a build/imu.o
 .debug_info    0x00003bff      0x9d4 build/usb.o
 .debug_info    0x000045d3      0xbb8 build/sensor.o
 .debug_info    0x0000518b      0x170 build/stm32h7xx_it.o
 .debug_info    0x000052fb     0x1d27 build/stm32h7xx_hal_msp.o
 .debug_info    0x00007022      0xeb5 build/system_stm32h7xx.o
 .debug_info    0x00007ed7     0x150d build/stm32h7xx_hal_cortex.o
 .debug_info    0x000093e4     0x13ce build/stm32h7xx_hal_rcc.o
 .debug_info    0x0000a7b2     0x1c06 build/stm32h7xx_hal_rcc_ex.o
 .debug_info    0x0000c3b8      0xee1 build/stm32h7xx_hal_gpio.o
 .debug_info    0x0000d299     0x13f3 build/stm32h7xx_hal_pwr_ex.o
 .debug_info    0x0000e68c     0x18e4 build/stm32h7xx_hal.o
 .debug_info    0x0000ff70     0x4443 build/stm32h7xx_hal_i2c.o
 .debug_info    0x000143b3      0xfdc build/stm32h7xx_hal_i2c_ex.o
 .debug_info    0x0001538f     0x67f7 build/stm32h7xx_hal_uart.o
 .debug_info    0x0001bb86     0x1333 build/stm32h7xx_hal_uart_ex.o
 .debug_info    0x0001ceb9     0x1dd5 build/stm32h7xx_hal_spi.o
 .debug_info    0x0001ec8e       0x22 build/startup_stm32h750xx.o

.debug_abbrev   0x00000000     0x2d17
 .debug_abbrev  0x00000000      0x2d6 build/main.o
 .debug_abbrev  0x000002d6      0x14c build/led.o
 .debug_abbrev  0x00000422      0x16c build/ignition.o
 .debug_abbrev  0x0000058e      0x247 build/imu.o
 .debug_abbrev  0x000007d5      0x18f build/usb.o
 .debug_abbrev  0x00000964      0x1fe build/sensor.o
 .debug_abbrev  0x00000b62       0x81 build/stm32h7xx_it.o
 .debug_abbrev  0x00000be3      0x232 build/stm32h7xx_hal_msp.o
 .debug_abbrev  0x00000e15      0x12a build/system_stm32h7xx.o
 .debug_abbrev  0x00000f3f      0x395 build/stm32h7xx_hal_cortex.o
 .debug_abbrev  0x000012d4      0x27d build/stm32h7xx_hal_rcc.o
 .debug_abbrev  0x00001551      0x286 build/stm32h7xx_hal_rcc_ex.o
 .debug_abbrev  0x000017d7      0x253 build/stm32h7xx_hal_gpio.o
 .debug_abbrev  0x00001a2a      0x2b6 build/stm32h7xx_hal_pwr_ex.o
 .debug_abbrev  0x00001ce0      0x261 build/stm32h7xx_hal.o
 .debug_abbrev  0x00001f41      0x2a9 build/stm32h7xx_hal_i2c.o
 .debug_abbrev  0x000021ea      0x1c4 build/stm32h7xx_hal_i2c_ex.o
 .debug_abbrev  0x000023ae      0x363 build/stm32h7xx_hal_uart.o
 .debug_abbrev  0x00002711      0x308 build/stm32h7xx_hal_uart_ex.o
 .debug_abbrev  0x00002a19      0x2ec build/stm32h7xx_hal_spi.o
 .debug_abbrev  0x00002d05       0x12 build/startup_stm32h750xx.o

.debug_loc      0x00000000    0x139bd
 .debug_loc     0x00000000      0x160 build/main.o
 .debug_loc     0x00000160       0xa5 build/led.o
 .debug_loc     0x00000205      0x14a build/ignition.o
 .debug_loc     0x0000034f      0x737 build/imu.o
 .debug_loc     0x00000a86      0x16f build/usb.o
 .debug_loc     0x00000bf5      0x143 build/sensor.o
 .debug_loc     0x00000d38       0x20 build/stm32h7xx_it.o
 .debug_loc     0x00000d58      0x2fe build/stm32h7xx_hal_msp.o
 .debug_loc     0x00001056      0x1d8 build/system_stm32h7xx.o
 .debug_loc     0x0000122e      0x786 build/stm32h7xx_hal_cortex.o
 .debug_loc     0x000019b4      0xa9b build/stm32h7xx_hal_rcc.o
 .debug_loc     0x0000244f     0x1bd8 build/stm32h7xx_hal_rcc_ex.o
 .debug_loc     0x00004027      0x482 build/stm32h7xx_hal_gpio.o
 .debug_loc     0x000044a9      0x65b build/stm32h7xx_hal_pwr_ex.o
 .debug_loc     0x00004b04      0x526 build/stm32h7xx_hal.o
 .debug_loc     0x0000502a     0x531f build/stm32h7xx_hal_i2c.o
 .debug_loc     0x0000a349      0x25a build/stm32h7xx_hal_i2c_ex.o
 .debug_loc     0x0000a5a3     0x63db build/stm32h7xx_hal_uart.o
 .debug_loc     0x0001097e      0xdfc build/stm32h7xx_hal_uart_ex.o
 .debug_loc     0x0001177a     0x2243 build/stm32h7xx_hal_spi.o

.debug_aranges  0x00000000      0xf68
 .debug_aranges
                0x00000000       0x58 build/main.o
 .debug_aranges
                0x00000058       0x38 build/led.o
 .debug_aranges
                0x00000090       0x48 build/ignition.o
 .debug_aranges
                0x000000d8       0x68 build/imu.o
 .debug_aranges
                0x00000140       0x28 build/usb.o
 .debug_aranges
                0x00000168       0x28 build/sensor.o
 .debug_aranges
                0x00000190       0x60 build/stm32h7xx_it.o
 .debug_aranges
                0x000001f0       0x50 build/stm32h7xx_hal_msp.o
 .debug_aranges
                0x00000240       0x28 build/system_stm32h7xx.o
 .debug_aranges
                0x00000268       0xb0 build/stm32h7xx_hal_cortex.o
 .debug_aranges
                0x00000318       0x88 build/stm32h7xx_hal_rcc.o
 .debug_aranges
                0x000003a0       0xf8 build/stm32h7xx_hal_rcc_ex.o
 .debug_aranges
                0x00000498       0x58 build/stm32h7xx_hal_gpio.o
 .debug_aranges
                0x000004f0      0x158 build/stm32h7xx_hal_pwr_ex.o
 .debug_aranges
                0x00000648      0x198 build/stm32h7xx_hal.o
 .debug_aranges
                0x000007e0      0x290 build/stm32h7xx_hal_i2c.o
 .debug_aranges
                0x00000a70       0x48 build/stm32h7xx_hal_i2c_ex.o
 .debug_aranges
                0x00000ab8      0x248 build/stm32h7xx_hal_uart.o
 .debug_aranges
                0x00000d00       0xa0 build/stm32h7xx_hal_uart_ex.o
 .debug_aranges
                0x00000da0      0x1a0 build/stm32h7xx_hal_spi.o
 .debug_aranges
                0x00000f40       0x28 build/startup_stm32h750xx.o

.debug_ranges   0x00000000      0xf50
 .debug_ranges  0x00000000       0x48 build/main.o
 .debug_ranges  0x00000048       0x28 build/led.o
 .debug_ranges  0x00000070       0x38 build/ignition.o
 .debug_ranges  0x000000a8       0x58 build/imu.o
 .debug_ranges  0x00000100       0x18 build/usb.o
 .debug_ranges  0x00000118       0x18 build/sensor.o
 .debug_ranges  0x00000130       0x50 build/stm32h7xx_it.o
 .debug_ranges  0x00000180       0x40 build/stm32h7xx_hal_msp.o
 .debug_ranges  0x000001c0       0x18 build/system_stm32h7xx.o
 .debug_ranges  0x000001d8      0x100 build/stm32h7xx_hal_cortex.o
 .debug_ranges  0x000002d8       0xe8 build/stm32h7xx_hal_rcc.o
 .debug_ranges  0x000003c0       0xe8 build/stm32h7xx_hal_rcc_ex.o
 .debug_ranges  0x000004a8       0x48 build/stm32h7xx_hal_gpio.o
 .debug_ranges  0x000004f0      0x1a8 build/stm32h7xx_hal_pwr_ex.o
 .debug_ranges  0x00000698      0x188 build/stm32h7xx_hal.o
 .debug_ranges  0x00000820      0x280 build/stm32h7xx_hal_i2c.o
 .debug_ranges  0x00000aa0       0x38 build/stm32h7xx_hal_i2c_ex.o
 .debug_ranges  0x00000ad8      0x238 build/stm32h7xx_hal_uart.o
 .debug_ranges  0x00000d10       0x90 build/stm32h7xx_hal_uart_ex.o
 .debug_ranges  0x00000da0      0x190 build/stm32h7xx_hal_spi.o
 .debug_ranges  0x00000f30       0x20 build/startup_stm32h750xx.o

.debug_line     0x00000000    0x162f6
 .debug_line    0x00000000      0x8b4 build/main.o
 .debug_line    0x000008b4      0x239 build/led.o
 .debug_line    0x00000aed      0x317 build/ignition.o
 .debug_line    0x00000e04      0x4ca build/imu.o
 .debug_line    0x000012ce      0x291 build/usb.o
 .debug_line    0x0000155f      0x2c0 build/sensor.o
 .debug_line    0x0000181f      0x182 build/stm32h7xx_it.o
 .debug_line    0x000019a1      0x539 build/stm32h7xx_hal_msp.o
 .debug_line    0x00001eda      0x479 build/system_stm32h7xx.o
 .debug_line    0x00002353      0x7cf build/stm32h7xx_hal_cortex.o
 .debug_line    0x00002b22     0x124b build/stm32h7xx_hal_rcc.o
 .debug_line    0x00003d6d     0x1ddb build/stm32h7xx_hal_rcc_ex.o
 .debug_line    0x00005b48      0x6ee build/stm32h7xx_hal_gpio.o
 .debug_line    0x00006236      0xac4 build/stm32h7xx_hal_pwr_ex.o
 .debug_line    0x00006cfa      0x904 build/stm32h7xx_hal.o
 .debug_line    0x000075fe     0x4c66 build/stm32h7xx_hal_i2c.o
 .debug_line    0x0000c264      0x4f0 build/stm32h7xx_hal_i2c_ex.o
 .debug_line    0x0000c754     0x6636 build/stm32h7xx_hal_uart.o
 .debug_line    0x00012d8a      0xd23 build/stm32h7xx_hal_uart_ex.o
 .debug_line    0x00013aad     0x27d3 build/stm32h7xx_hal_spi.o
 .debug_line    0x00016280       0x76 build/startup_stm32h750xx.o

.debug_str      0x00000000     0x5b6b
 .debug_str     0x00000000     0x1342 build/main.o
                               0x1492 (size before relaxing)
 .debug_str     0x00001342       0x3b build/led.o
                                0x2a9 (size before relaxing)
 .debug_str     0x0000137d      0x14b build/ignition.o
                                0x38d (size before relaxing)
 .debug_str     0x000014c8      0x28f build/imu.o
                                0xa9f (size before relaxing)
 .debug_str     0x00001757       0x88 build/usb.o
                                0x819 (size before relaxing)
 .debug_str     0x000017df       0xb3 build/sensor.o
                                0x978 (size before relaxing)
 .debug_str     0x00001892       0xb6 build/stm32h7xx_it.o
                                0x23e (size before relaxing)
 .debug_str     0x00001948      0x408 build/stm32h7xx_hal_msp.o
                               0x130c (size before relaxing)
 .debug_str     0x00001d50      0x343 build/system_stm32h7xx.o
                                0x72e (size before relaxing)
 .debug_str     0x00002093      0xcd4 build/stm32h7xx_hal_cortex.o
                               0x1061 (size before relaxing)
 .debug_str     0x00002d67      0x1e3 build/stm32h7xx_hal_rcc.o
                                0xa24 (size before relaxing)
 .debug_str     0x00002f4a      0x678 build/stm32h7xx_hal_rcc_ex.o
                                0xf06 (size before relaxing)
 .debug_str     0x000035c2       0xf3 build/stm32h7xx_hal_gpio.o
                                0x6de (size before relaxing)
 .debug_str     0x000036b5      0x55e build/stm32h7xx_hal_pwr_ex.o
                                0xa53 (size before relaxing)
 .debug_str     0x00003c13      0x5d1 build/stm32h7xx_hal.o
                               0x14c9 (size before relaxing)
 .debug_str     0x000041e4      0x8e6 build/stm32h7xx_hal_i2c.o
                               0x1154 (size before relaxing)
 .debug_str     0x00004aca       0xc2 build/stm32h7xx_hal_i2c_ex.o
                                0xb49 (size before relaxing)
 .debug_str     0x00004b8c      0x8a2 build/stm32h7xx_hal_uart.o
                               0x1495 (size before relaxing)
 .debug_str     0x0000542e      0x239 build/stm32h7xx_hal_uart_ex.o
                                0xb64 (size before relaxing)
 .debug_str     0x00005667      0x4e0 build/stm32h7xx_hal_spi.o
                                0xdbb (size before relaxing)
 .debug_str     0x00005b47       0x24 build/startup_stm32h750xx.o
                                 0x65 (size before relaxing)

.comment        0x00000000       0x49
 .comment       0x00000000       0x49 build/main.o
                                 0x4a (size before relaxing)
 .comment       0x00000049       0x4a build/led.o
 .comment       0x00000049       0x4a build/ignition.o
 .comment       0x00000049       0x4a build/imu.o
 .comment       0x00000049       0x4a build/usb.o
 .comment       0x00000049       0x4a build/sensor.o
 .comment       0x00000049       0x4a build/stm32h7xx_it.o
 .comment       0x00000049       0x4a build/stm32h7xx_hal_msp.o
 .comment       0x00000049       0x4a build/system_stm32h7xx.o
 .comment       0x00000049       0x4a build/stm32h7xx_hal_cortex.o
 .comment       0x00000049       0x4a build/stm32h7xx_hal_rcc.o
 .comment       0x00000049       0x4a build/stm32h7xx_hal_rcc_ex.o
 .comment       0x00000049       0x4a build/stm32h7xx_hal_gpio.o
 .comment       0x00000049       0x4a build/stm32h7xx_hal_pwr_ex.o
 .comment       0x00000049       0x4a build/stm32h7xx_hal.o
 .comment       0x00000049       0x4a build/stm32h7xx_hal_i2c.o
 .comment       0x00000049       0x4a build/stm32h7xx_hal_i2c_ex.o
 .comment       0x00000049       0x4a build/stm32h7xx_hal_uart.o
 .comment       0x00000049       0x4a build/stm32h7xx_hal_uart_ex.o
 .comment       0x00000049       0x4a build/stm32h7xx_hal_spi.o

.debug_frame    0x00000000     0x2960
 .debug_frame   0x00000000       0xe4 build/main.o
 .debug_frame   0x000000e4       0x70 build/led.o
 .debug_frame   0x00000154       0xa0 build/ignition.o
 .debug_frame   0x000001f4      0x144 build/imu.o
 .debug_frame   0x00000338       0x40 build/usb.o
 .debug_frame   0x00000378       0x50 build/sensor.o
 .debug_frame   0x000003c8       0xa8 build/stm32h7xx_it.o
 .debug_frame   0x00000470       0xdc build/stm32h7xx_hal_msp.o
 .debug_frame   0x0000054c       0x3c build/system_stm32h7xx.o
 .debug_frame   0x00000588      0x158 build/stm32h7xx_hal_cortex.o
 .debug_frame   0x000006e0      0x18c build/stm32h7xx_hal_rcc.o
 .debug_frame   0x0000086c      0x26c build/stm32h7xx_hal_rcc_ex.o
 .debug_frame   0x00000ad8       0xd4 build/stm32h7xx_hal_gpio.o
 .debug_frame   0x00000bac      0x2f4 build/stm32h7xx_hal_pwr_ex.o
 .debug_frame   0x00000ea0      0x360 build/stm32h7xx_hal.o
 .debug_frame   0x00001200      0x938 build/stm32h7xx_hal_i2c.o
 .debug_frame   0x00001b38       0x80 build/stm32h7xx_hal_i2c_ex.o
 .debug_frame   0x00001bb8      0x688 build/stm32h7xx_hal_uart.o
 .debug_frame   0x00002240      0x1c8 build/stm32h7xx_hal_uart_ex.o
 .debug_frame   0x00002408      0x4ac build/stm32h7xx_hal_spi.o
 .debug_frame   0x000028b4       0x2c c:/program files (x86)/gnu arm embedded toolchain/10 2021.10/bin/../lib/gcc/arm-none-eabi/10.3.1/../../../../arm-none-eabi/lib/thumb/v7e-m+dp/hard\libc_nano.a(lib_a-init.o)
 .debug_frame   0x000028e0       0x20 c:/program files (x86)/gnu arm embedded toolchain/10 2021.10/bin/../lib/gcc/arm-none-eabi/10.3.1/../../../../arm-none-eabi/lib/thumb/v7e-m+dp/hard\libc_nano.a(lib_a-memset.o)
 .debug_frame   0x00002900       0x2c c:/program files (x86)/gnu arm embedded toolchain/10 2021.10/bin/../lib/gcc/arm-none-eabi/10.3.1/thumb/v7e-m+dp/hard\libgcc.a(_aeabi_uldivmod.o)
 .debug_frame   0x0000292c       0x34 c:/program files (x86)/gnu arm embedded toolchain/10 2021.10/bin/../lib/gcc/arm-none-eabi/10.3.1/thumb/v7e-m+dp/hard\libgcc.a(_udivmoddi4.o)

Cross Reference Table

Symbol                                            File
ADC3_IRQHandler                                   build/startup_stm32h750xx.o
ADC_IRQHandler                                    build/startup_stm32h750xx.o
BDMA_Channel0_IRQHandler                          build/startup_stm32h750xx.o
BDMA_Channel1_IRQHandler                          build/startup_stm32h750xx.o
BDMA_Channel2_IRQHandler                          build/startup_stm32h750xx.o
BDMA_Channel3_IRQHandler                          build/startup_stm32h750xx.o
BDMA_Channel4_IRQHandler                          build/startup_stm32h750xx.o
BDMA_Channel5_IRQHandler                          build/startup_stm32h750xx.o
BDMA_Channel6_IRQHandler                          build/startup_stm32h750xx.o
BDMA_Channel7_IRQHandler                          build/startup_stm32h750xx.o
BusFault_Handler                                  build/stm32h7xx_it.o
CEC_IRQHandler                                    build/startup_stm32h750xx.o
COMP1_IRQHandler                                  build/startup_stm32h750xx.o
CRS_IRQHandler                                    build/startup_stm32h750xx.o
CRYP_IRQHandler                                   build/startup_stm32h750xx.o
D1CorePrescTable                                  build/system_stm32h7xx.o
                                                  build/stm32h7xx_hal.o
                                                  build/stm32h7xx_hal_rcc_ex.o
                                                  build/stm32h7xx_hal_rcc.o
DCMI_IRQHandler                                   build/startup_stm32h750xx.o
DFSDM1_FLT0_IRQHandler                            build/startup_stm32h750xx.o
DFSDM1_FLT1_IRQHandler                            build/startup_stm32h750xx.o
DFSDM1_FLT2_IRQHandler                            build/startup_stm32h750xx.o
DFSDM1_FLT3_IRQHandler                            build/startup_stm32h750xx.o
DMA1_Stream0_IRQHandler                           build/startup_stm32h750xx.o
DMA1_Stream1_IRQHandler                           build/startup_stm32h750xx.o
DMA1_Stream2_IRQHandler                           build/startup_stm32h750xx.o
DMA1_Stream3_IRQHandler                           build/startup_stm32h750xx.o
DMA1_Stream4_IRQHandler                           build/startup_stm32h750xx.o
DMA1_Stream5_IRQHandler                           build/startup_stm32h750xx.o
DMA1_Stream6_IRQHandler                           build/startup_stm32h750xx.o
DMA1_Stream7_IRQHandler                           build/startup_stm32h750xx.o
DMA2D_IRQHandler                                  build/startup_stm32h750xx.o
DMA2_Stream0_IRQHandler                           build/startup_stm32h750xx.o
DMA2_Stream1_IRQHandler                           build/startup_stm32h750xx.o
DMA2_Stream2_IRQHandler                           build/startup_stm32h750xx.o
DMA2_Stream3_IRQHandler                           build/startup_stm32h750xx.o
DMA2_Stream4_IRQHandler                           build/startup_stm32h750xx.o
DMA2_Stream5_IRQHandler                           build/startup_stm32h750xx.o
DMA2_Stream6_IRQHandler                           build/startup_stm32h750xx.o
DMA2_Stream7_IRQHandler                           build/startup_stm32h750xx.o
DMAMUX1_OVR_IRQHandler                            build/startup_stm32h750xx.o
DMAMUX2_OVR_IRQHandler                            build/startup_stm32h750xx.o
DebugMon_Handler                                  build/stm32h7xx_it.o
Default_Handler                                   build/startup_stm32h750xx.o
ECC_IRQHandler                                    build/startup_stm32h750xx.o
ETH_IRQHandler                                    build/startup_stm32h750xx.o
ETH_WKUP_IRQHandler                               build/startup_stm32h750xx.o
EXTI0_IRQHandler                                  build/startup_stm32h750xx.o
EXTI15_10_IRQHandler                              build/startup_stm32h750xx.o
EXTI1_IRQHandler                                  build/startup_stm32h750xx.o
EXTI2_IRQHandler                                  build/startup_stm32h750xx.o
EXTI3_IRQHandler                                  build/startup_stm32h750xx.o
EXTI4_IRQHandler                                  build/startup_stm32h750xx.o
EXTI9_5_IRQHandler                                build/startup_stm32h750xx.o
Error_Handler                                     build/main.o
                                                  build/stm32h7xx_hal_msp.o
                                                  build/led.o
FDCAN1_IT0_IRQHandler                             build/startup_stm32h750xx.o
FDCAN1_IT1_IRQHandler                             build/startup_stm32h750xx.o
FDCAN2_IT0_IRQHandler                             build/startup_stm32h750xx.o
FDCAN2_IT1_IRQHandler                             build/startup_stm32h750xx.o
FDCAN_CAL_IRQHandler                              build/startup_stm32h750xx.o
FLASH_CRC_WaitForLastOperation                    build/stm32h7xx_hal_flash.o
                                                  build/stm32h7xx_hal_flash_ex.o
FLASH_Erase_Sector                                build/stm32h7xx_hal_flash_ex.o
                                                  build/stm32h7xx_hal_flash.o
FLASH_IRQHandler                                  build/startup_stm32h750xx.o
FLASH_OB_WaitForLastOperation                     build/stm32h7xx_hal_flash.o
                                                  build/stm32h7xx_hal_flash_ex.o
FLASH_WaitForLastOperation                        build/stm32h7xx_hal_flash.o
                                                  build/stm32h7xx_hal_flash_ex.o
FMC_IRQHandler                                    build/startup_stm32h750xx.o
FPU_IRQHandler                                    build/startup_stm32h750xx.o
HAL_DBGMCU_DisableDBGSleepMode                    build/stm32h7xx_hal.o
HAL_DBGMCU_DisableDBGStandbyMode                  build/stm32h7xx_hal.o
HAL_DBGMCU_DisableDBGStopMode                     build/stm32h7xx_hal.o
HAL_DBGMCU_EnableDBGSleepMode                     build/stm32h7xx_hal.o
HAL_DBGMCU_EnableDBGStandbyMode                   build/stm32h7xx_hal.o
HAL_DBGMCU_EnableDBGStopMode                      build/stm32h7xx_hal.o
HAL_DMAEx_ChangeMemory                            build/stm32h7xx_hal_dma_ex.o
HAL_DMAEx_ConfigMuxRequestGenerator               build/stm32h7xx_hal_dma_ex.o
HAL_DMAEx_ConfigMuxSync                           build/stm32h7xx_hal_dma_ex.o
HAL_DMAEx_DisableMuxRequestGenerator              build/stm32h7xx_hal_dma_ex.o
HAL_DMAEx_EnableMuxRequestGenerator               build/stm32h7xx_hal_dma_ex.o
HAL_DMAEx_MUX_IRQHandler                          build/stm32h7xx_hal_dma_ex.o
HAL_DMAEx_MultiBufferStart                        build/stm32h7xx_hal_dma_ex.o
HAL_DMAEx_MultiBufferStart_IT                     build/stm32h7xx_hal_dma_ex.o
HAL_DMA_Abort                                     build/stm32h7xx_hal_dma.o
                                                  build/stm32h7xx_hal_spi.o
                                                  build/stm32h7xx_hal_uart.o
HAL_DMA_Abort_IT                                  build/stm32h7xx_hal_dma.o
                                                  build/stm32h7xx_hal_spi.o
                                                  build/stm32h7xx_hal_uart.o
                                                  build/stm32h7xx_hal_i2c.o
HAL_DMA_DeInit                                    build/stm32h7xx_hal_dma.o
HAL_DMA_GetError                                  build/stm32h7xx_hal_dma.o
                                                  build/stm32h7xx_hal_spi.o
                                                  build/stm32h7xx_hal_uart.o
                                                  build/stm32h7xx_hal_i2c.o
HAL_DMA_GetState                                  build/stm32h7xx_hal_dma.o
                                                  build/stm32h7xx_hal_i2c.o
HAL_DMA_IRQHandler                                build/stm32h7xx_hal_dma.o
HAL_DMA_Init                                      build/stm32h7xx_hal_dma.o
HAL_DMA_PollForTransfer                           build/stm32h7xx_hal_dma.o
HAL_DMA_RegisterCallback                          build/stm32h7xx_hal_dma.o
HAL_DMA_Start                                     build/stm32h7xx_hal_dma.o
HAL_DMA_Start_IT                                  build/stm32h7xx_hal_dma.o
                                                  build/stm32h7xx_hal_spi.o
                                                  build/stm32h7xx_hal_uart.o
                                                  build/stm32h7xx_hal_i2c.o
HAL_DMA_UnRegisterCallback                        build/stm32h7xx_hal_dma.o
HAL_DeInit                                        build/stm32h7xx_hal.o
HAL_Delay                                         build/stm32h7xx_hal.o
                                                  build/ignition.o
                                                  build/led.o
HAL_DisableCompensationCell                       build/stm32h7xx_hal.o
HAL_EXTI_ClearConfigLine                          build/stm32h7xx_hal_exti.o
HAL_EXTI_ClearPending                             build/stm32h7xx_hal_exti.o
HAL_EXTI_D1_ClearFlag                             build/stm32h7xx_hal.o
HAL_EXTI_D1_EventInputConfig                      build/stm32h7xx_hal.o
HAL_EXTI_D3_EventInputConfig                      build/stm32h7xx_hal.o
HAL_EXTI_EdgeConfig                               build/stm32h7xx_hal.o
HAL_EXTI_GenerateSWI                              build/stm32h7xx_hal_exti.o
HAL_EXTI_GenerateSWInterrupt                      build/stm32h7xx_hal.o
HAL_EXTI_GetConfigLine                            build/stm32h7xx_hal_exti.o
HAL_EXTI_GetHandle                                build/stm32h7xx_hal_exti.o
HAL_EXTI_GetPending                               build/stm32h7xx_hal_exti.o
HAL_EXTI_IRQHandler                               build/stm32h7xx_hal_exti.o
HAL_EXTI_RegisterCallback                         build/stm32h7xx_hal_exti.o
HAL_EXTI_SetConfigLine                            build/stm32h7xx_hal_exti.o
HAL_EnableCompensationCell                        build/stm32h7xx_hal.o
HAL_FLASHEx_ComputeCRC                            build/stm32h7xx_hal_flash_ex.o
HAL_FLASHEx_Erase                                 build/stm32h7xx_hal_flash_ex.o
HAL_FLASHEx_Erase_IT                              build/stm32h7xx_hal_flash_ex.o
HAL_FLASHEx_Lock_Bank1                            build/stm32h7xx_hal_flash_ex.o
HAL_FLASHEx_OBGetConfig                           build/stm32h7xx_hal_flash_ex.o
HAL_FLASHEx_OBProgram                             build/stm32h7xx_hal_flash_ex.o
HAL_FLASHEx_Unlock_Bank1                          build/stm32h7xx_hal_flash_ex.o
HAL_FLASH_EndOfOperationCallback                  build/stm32h7xx_hal_flash.o
HAL_FLASH_GetError                                build/stm32h7xx_hal_flash.o
HAL_FLASH_IRQHandler                              build/stm32h7xx_hal_flash.o
HAL_FLASH_Lock                                    build/stm32h7xx_hal_flash.o
HAL_FLASH_OB_Launch                               build/stm32h7xx_hal_flash.o
HAL_FLASH_OB_Lock                                 build/stm32h7xx_hal_flash.o
HAL_FLASH_OB_Unlock                               build/stm32h7xx_hal_flash.o
HAL_FLASH_OperationErrorCallback                  build/stm32h7xx_hal_flash.o
HAL_FLASH_Program                                 build/stm32h7xx_hal_flash.o
HAL_FLASH_Program_IT                              build/stm32h7xx_hal_flash.o
HAL_FLASH_Unlock                                  build/stm32h7xx_hal_flash.o
HAL_GPIO_DeInit                                   build/stm32h7xx_hal_gpio.o
                                                  build/stm32h7xx_hal_msp.o
HAL_GPIO_EXTI_Callback                            build/stm32h7xx_hal_gpio.o
HAL_GPIO_EXTI_IRQHandler                          build/stm32h7xx_hal_gpio.o
HAL_GPIO_Init                                     build/stm32h7xx_hal_gpio.o
                                                  build/stm32h7xx_hal_rcc.o
                                                  build/stm32h7xx_hal_msp.o
                                                  build/main.o
HAL_GPIO_LockPin                                  build/stm32h7xx_hal_gpio.o
HAL_GPIO_ReadPin                                  build/stm32h7xx_hal_gpio.o
                                                  build/ignition.o
HAL_GPIO_TogglePin                                build/stm32h7xx_hal_gpio.o
HAL_GPIO_WritePin                                 build/stm32h7xx_hal_gpio.o
                                                  build/flash.o
                                                  build/ignition.o
                                                  build/led.o
                                                  build/main.o
HAL_GetCurrentCPUID                               build/stm32h7xx_hal_cortex.o
HAL_GetDEVID                                      build/stm32h7xx_hal.o
HAL_GetFMCMemorySwappingConfig                    build/stm32h7xx_hal.o
HAL_GetHalVersion                                 build/stm32h7xx_hal.o
HAL_GetREVID                                      build/stm32h7xx_hal.o
                                                  build/stm32h7xx_hal_rcc_ex.o
                                                  build/stm32h7xx_hal_rcc.o
HAL_GetTick                                       build/stm32h7xx_hal.o
                                                  build/stm32h7xx_hal_spi.o
                                                  build/stm32h7xx_hal_uart_ex.o
                                                  build/stm32h7xx_hal_uart.o
                                                  build/stm32h7xx_hal_i2c.o
                                                  build/stm32h7xx_hal_pwr_ex.o
                                                  build/stm32h7xx_hal_mdma.o
                                                  build/stm32h7xx_hal_dma.o
                                                  build/stm32h7xx_hal_flash.o
                                                  build/stm32h7xx_hal_rcc_ex.o
                                                  build/stm32h7xx_hal_rcc.o
                                                  build/sensor.o
HAL_GetTickFreq                                   build/stm32h7xx_hal.o
HAL_GetTickPrio                                   build/stm32h7xx_hal.o
HAL_GetUIDw0                                      build/stm32h7xx_hal.o
HAL_GetUIDw1                                      build/stm32h7xx_hal.o
HAL_GetUIDw2                                      build/stm32h7xx_hal.o
HAL_HSEM_ActivateNotification                     build/stm32h7xx_hal_hsem.o
HAL_HSEM_DeactivateNotification                   build/stm32h7xx_hal_hsem.o
HAL_HSEM_FastTake                                 build/stm32h7xx_hal_hsem.o
HAL_HSEM_FreeCallback                             build/stm32h7xx_hal_hsem.o
HAL_HSEM_GetClearKey                              build/stm32h7xx_hal_hsem.o
HAL_HSEM_IRQHandler                               build/stm32h7xx_hal_hsem.o
HAL_HSEM_IsSemTaken                               build/stm32h7xx_hal_hsem.o
HAL_HSEM_Release                                  build/stm32h7xx_hal_hsem.o
HAL_HSEM_ReleaseAll                               build/stm32h7xx_hal_hsem.o
HAL_HSEM_SetClearKey                              build/stm32h7xx_hal_hsem.o
HAL_HSEM_Take                                     build/stm32h7xx_hal_hsem.o
HAL_HalfDuplex_EnableReceiver                     build/stm32h7xx_hal_uart.o
HAL_HalfDuplex_EnableTransmitter                  build/stm32h7xx_hal_uart.o
HAL_HalfDuplex_Init                               build/stm32h7xx_hal_uart.o
HAL_I2CEx_ConfigAnalogFilter                      build/stm32h7xx_hal_i2c_ex.o
                                                  build/main.o
HAL_I2CEx_ConfigDigitalFilter                     build/stm32h7xx_hal_i2c_ex.o
                                                  build/main.o
HAL_I2CEx_DisableFastModePlus                     build/stm32h7xx_hal_i2c_ex.o
HAL_I2CEx_DisableWakeUp                           build/stm32h7xx_hal_i2c_ex.o
HAL_I2CEx_EnableFastModePlus                      build/stm32h7xx_hal_i2c_ex.o
HAL_I2CEx_EnableWakeUp                            build/stm32h7xx_hal_i2c_ex.o
HAL_I2C_AbortCpltCallback                         build/stm32h7xx_hal_i2c.o
HAL_I2C_AddrCallback                              build/stm32h7xx_hal_i2c.o
HAL_I2C_DeInit                                    build/stm32h7xx_hal_i2c.o
HAL_I2C_DisableListen_IT                          build/stm32h7xx_hal_i2c.o
HAL_I2C_ER_IRQHandler                             build/stm32h7xx_hal_i2c.o
HAL_I2C_EV_IRQHandler                             build/stm32h7xx_hal_i2c.o
HAL_I2C_EnableListen_IT                           build/stm32h7xx_hal_i2c.o
HAL_I2C_ErrorCallback                             build/stm32h7xx_hal_i2c.o
HAL_I2C_GetError                                  build/stm32h7xx_hal_i2c.o
HAL_I2C_GetMode                                   build/stm32h7xx_hal_i2c.o
HAL_I2C_GetState                                  build/stm32h7xx_hal_i2c.o
HAL_I2C_Init                                      build/stm32h7xx_hal_i2c.o
                                                  build/main.o
HAL_I2C_IsDeviceReady                             build/stm32h7xx_hal_i2c.o
HAL_I2C_ListenCpltCallback                        build/stm32h7xx_hal_i2c.o
HAL_I2C_MasterRxCpltCallback                      build/stm32h7xx_hal_i2c.o
HAL_I2C_MasterTxCpltCallback                      build/stm32h7xx_hal_i2c.o
HAL_I2C_Master_Abort_IT                           build/stm32h7xx_hal_i2c.o
HAL_I2C_Master_Receive                            build/stm32h7xx_hal_i2c.o
HAL_I2C_Master_Receive_DMA                        build/stm32h7xx_hal_i2c.o
HAL_I2C_Master_Receive_IT                         build/stm32h7xx_hal_i2c.o
HAL_I2C_Master_Seq_Receive_DMA                    build/stm32h7xx_hal_i2c.o
HAL_I2C_Master_Seq_Receive_IT                     build/stm32h7xx_hal_i2c.o
HAL_I2C_Master_Seq_Transmit_DMA                   build/stm32h7xx_hal_i2c.o
HAL_I2C_Master_Seq_Transmit_IT                    build/stm32h7xx_hal_i2c.o
HAL_I2C_Master_Transmit                           build/stm32h7xx_hal_i2c.o
HAL_I2C_Master_Transmit_DMA                       build/stm32h7xx_hal_i2c.o
HAL_I2C_Master_Transmit_IT                        build/stm32h7xx_hal_i2c.o
HAL_I2C_MemRxCpltCallback                         build/stm32h7xx_hal_i2c.o
HAL_I2C_MemTxCpltCallback                         build/stm32h7xx_hal_i2c.o
HAL_I2C_Mem_Read                                  build/stm32h7xx_hal_i2c.o
                                                  build/imu.o
                                                  build/baro.o
HAL_I2C_Mem_Read_DMA                              build/stm32h7xx_hal_i2c.o
HAL_I2C_Mem_Read_IT                               build/stm32h7xx_hal_i2c.o
HAL_I2C_Mem_Write                                 build/stm32h7xx_hal_i2c.o
                                                  build/imu.o
HAL_I2C_Mem_Write_DMA                             build/stm32h7xx_hal_i2c.o
HAL_I2C_Mem_Write_IT                              build/stm32h7xx_hal_i2c.o
HAL_I2C_MspDeInit                                 build/stm32h7xx_hal_msp.o
HAL_I2C_MspInit                                   build/stm32h7xx_hal_msp.o
HAL_I2C_SlaveRxCpltCallback                       build/stm32h7xx_hal_i2c.o
HAL_I2C_SlaveTxCpltCallback                       build/stm32h7xx_hal_i2c.o
HAL_I2C_Slave_Receive                             build/stm32h7xx_hal_i2c.o
HAL_I2C_Slave_Receive_DMA                         build/stm32h7xx_hal_i2c.o
HAL_I2C_Slave_Receive_IT                          build/stm32h7xx_hal_i2c.o
HAL_I2C_Slave_Seq_Receive_DMA                     build/stm32h7xx_hal_i2c.o
HAL_I2C_Slave_Seq_Receive_IT                      build/stm32h7xx_hal_i2c.o
HAL_I2C_Slave_Seq_Transmit_DMA                    build/stm32h7xx_hal_i2c.o
HAL_I2C_Slave_Seq_Transmit_IT                     build/stm32h7xx_hal_i2c.o
HAL_I2C_Slave_Transmit                            build/stm32h7xx_hal_i2c.o
HAL_I2C_Slave_Transmit_DMA                        build/stm32h7xx_hal_i2c.o
HAL_I2C_Slave_Transmit_IT                         build/stm32h7xx_hal_i2c.o
HAL_IncTick                                       build/stm32h7xx_hal.o
                                                  build/stm32h7xx_it.o
HAL_Init                                          build/stm32h7xx_hal.o
                                                  build/main.o
HAL_InitTick                                      build/stm32h7xx_hal.o
                                                  build/stm32h7xx_hal_rcc.o
HAL_LIN_Init                                      build/stm32h7xx_hal_uart.o
HAL_LIN_SendBreak                                 build/stm32h7xx_hal_uart.o
HAL_MDMA_Abort                                    build/stm32h7xx_hal_mdma.o
HAL_MDMA_Abort_IT                                 build/stm32h7xx_hal_mdma.o
HAL_MDMA_ConfigPostRequestMask                    build/stm32h7xx_hal_mdma.o
HAL_MDMA_DeInit                                   build/stm32h7xx_hal_mdma.o
HAL_MDMA_GenerateSWRequest                        build/stm32h7xx_hal_mdma.o
HAL_MDMA_GetError                                 build/stm32h7xx_hal_mdma.o
HAL_MDMA_GetState                                 build/stm32h7xx_hal_mdma.o
HAL_MDMA_IRQHandler                               build/stm32h7xx_hal_mdma.o
HAL_MDMA_Init                                     build/stm32h7xx_hal_mdma.o
HAL_MDMA_LinkedList_AddNode                       build/stm32h7xx_hal_mdma.o
HAL_MDMA_LinkedList_CreateNode                    build/stm32h7xx_hal_mdma.o
HAL_MDMA_LinkedList_DisableCircularMode           build/stm32h7xx_hal_mdma.o
HAL_MDMA_LinkedList_EnableCircularMode            build/stm32h7xx_hal_mdma.o
HAL_MDMA_LinkedList_RemoveNode                    build/stm32h7xx_hal_mdma.o
HAL_MDMA_PollForTransfer                          build/stm32h7xx_hal_mdma.o
HAL_MDMA_RegisterCallback                         build/stm32h7xx_hal_mdma.o
HAL_MDMA_Start                                    build/stm32h7xx_hal_mdma.o
HAL_MDMA_Start_IT                                 build/stm32h7xx_hal_mdma.o
HAL_MDMA_UnRegisterCallback                       build/stm32h7xx_hal_mdma.o
HAL_MPU_ConfigRegion                              build/stm32h7xx_hal_cortex.o
HAL_MPU_Disable                                   build/stm32h7xx_hal_cortex.o
HAL_MPU_Enable                                    build/stm32h7xx_hal_cortex.o
HAL_MspDeInit                                     build/stm32h7xx_hal.o
HAL_MspInit                                       build/stm32h7xx_hal_msp.o
HAL_MultiProcessorEx_AddressLength_Set            build/stm32h7xx_hal_uart_ex.o
HAL_MultiProcessor_DisableMuteMode                build/stm32h7xx_hal_uart.o
HAL_MultiProcessor_EnableMuteMode                 build/stm32h7xx_hal_uart.o
HAL_MultiProcessor_EnterMuteMode                  build/stm32h7xx_hal_uart.o
HAL_MultiProcessor_Init                           build/stm32h7xx_hal_uart.o
HAL_NVIC_ClearPendingIRQ                          build/stm32h7xx_hal_cortex.o
HAL_NVIC_DisableIRQ                               build/stm32h7xx_hal_cortex.o
HAL_NVIC_EnableIRQ                                build/stm32h7xx_hal_cortex.o
HAL_NVIC_GetActive                                build/stm32h7xx_hal_cortex.o
HAL_NVIC_GetPendingIRQ                            build/stm32h7xx_hal_cortex.o
HAL_NVIC_GetPriority                              build/stm32h7xx_hal_cortex.o
HAL_NVIC_GetPriorityGrouping                      build/stm32h7xx_hal_cortex.o
HAL_NVIC_SetPendingIRQ                            build/stm32h7xx_hal_cortex.o
HAL_NVIC_SetPriority                              build/stm32h7xx_hal_cortex.o
                                                  build/stm32h7xx_hal.o
HAL_NVIC_SetPriorityGrouping                      build/stm32h7xx_hal_cortex.o
                                                  build/stm32h7xx_hal.o
HAL_NVIC_SystemReset                              build/stm32h7xx_hal_cortex.o
HAL_PWREx_AVDCallback                             build/stm32h7xx_hal_pwr_ex.o
HAL_PWREx_ClearPendingEvent                       build/stm32h7xx_hal_pwr_ex.o
HAL_PWREx_ClearWakeupFlag                         build/stm32h7xx_hal_pwr_ex.o
HAL_PWREx_ConfigAVD                               build/stm32h7xx_hal_pwr_ex.o
HAL_PWREx_ConfigD3Domain                          build/stm32h7xx_hal_pwr_ex.o
HAL_PWREx_ConfigSupply                            build/stm32h7xx_hal_pwr_ex.o
                                                  build/main.o
HAL_PWREx_ControlStopModeVoltageScaling           build/stm32h7xx_hal_pwr_ex.o
HAL_PWREx_ControlVoltageScaling                   build/stm32h7xx_hal_pwr_ex.o
HAL_PWREx_DisableAVD                              build/stm32h7xx_hal_pwr_ex.o
HAL_PWREx_DisableBatteryCharging                  build/stm32h7xx_hal_pwr_ex.o
HAL_PWREx_DisableBkUpReg                          build/stm32h7xx_hal_pwr_ex.o
HAL_PWREx_DisableFlashPowerDown                   build/stm32h7xx_hal_pwr_ex.o
HAL_PWREx_DisableMonitoring                       build/stm32h7xx_hal_pwr_ex.o
HAL_PWREx_DisableUSBReg                           build/stm32h7xx_hal_pwr_ex.o
HAL_PWREx_DisableUSBVoltageDetector               build/stm32h7xx_hal_pwr_ex.o
HAL_PWREx_DisableWakeUpPin                        build/stm32h7xx_hal_pwr_ex.o
HAL_PWREx_EnableAVD                               build/stm32h7xx_hal_pwr_ex.o
HAL_PWREx_EnableBatteryCharging                   build/stm32h7xx_hal_pwr_ex.o
HAL_PWREx_EnableBkUpReg                           build/stm32h7xx_hal_pwr_ex.o
HAL_PWREx_EnableFlashPowerDown                    build/stm32h7xx_hal_pwr_ex.o
HAL_PWREx_EnableMonitoring                        build/stm32h7xx_hal_pwr_ex.o
HAL_PWREx_EnableUSBReg                            build/stm32h7xx_hal_pwr_ex.o
HAL_PWREx_EnableUSBVoltageDetector                build/stm32h7xx_hal_pwr_ex.o
HAL_PWREx_EnableWakeUpPin                         build/stm32h7xx_hal_pwr_ex.o
HAL_PWREx_EnterSTANDBYMode                        build/stm32h7xx_hal_pwr_ex.o
HAL_PWREx_EnterSTOPMode                           build/stm32h7xx_hal_pwr_ex.o
HAL_PWREx_GetStopModeVoltageRange                 build/stm32h7xx_hal_pwr_ex.o
HAL_PWREx_GetSupplyConfig                         build/stm32h7xx_hal_pwr_ex.o
HAL_PWREx_GetTemperatureLevel                     build/stm32h7xx_hal_pwr_ex.o
HAL_PWREx_GetVBATLevel                            build/stm32h7xx_hal_pwr_ex.o
HAL_PWREx_GetVoltageRange                         build/stm32h7xx_hal_pwr_ex.o
HAL_PWREx_GetWakeupFlag                           build/stm32h7xx_hal_pwr_ex.o
HAL_PWREx_PVD_AVD_IRQHandler                      build/stm32h7xx_hal_pwr_ex.o
HAL_PWREx_WAKEUP_PIN_IRQHandler                   build/stm32h7xx_hal_pwr_ex.o
HAL_PWREx_WKUP1_Callback                          build/stm32h7xx_hal_pwr_ex.o
HAL_PWREx_WKUP2_Callback                          build/stm32h7xx_hal_pwr_ex.o
HAL_PWREx_WKUP3_Callback                          build/stm32h7xx_hal_pwr_ex.o
HAL_PWREx_WKUP4_Callback                          build/stm32h7xx_hal_pwr_ex.o
HAL_PWREx_WKUP5_Callback                          build/stm32h7xx_hal_pwr_ex.o
HAL_PWREx_WKUP6_Callback                          build/stm32h7xx_hal_pwr_ex.o
HAL_PWR_ConfigPVD                                 build/stm32h7xx_hal_pwr.o
HAL_PWR_DeInit                                    build/stm32h7xx_hal_pwr.o
HAL_PWR_DisableBkUpAccess                         build/stm32h7xx_hal_pwr.o
HAL_PWR_DisablePVD                                build/stm32h7xx_hal_pwr.o
HAL_PWR_DisableSEVOnPend                          build/stm32h7xx_hal_pwr.o
HAL_PWR_DisableSleepOnExit                        build/stm32h7xx_hal_pwr.o
HAL_PWR_DisableWakeUpPin                          build/stm32h7xx_hal_pwr.o
HAL_PWR_EnableBkUpAccess                          build/stm32h7xx_hal_pwr.o
HAL_PWR_EnablePVD                                 build/stm32h7xx_hal_pwr.o
HAL_PWR_EnableSEVOnPend                           build/stm32h7xx_hal_pwr.o
HAL_PWR_EnableSleepOnExit                         build/stm32h7xx_hal_pwr.o
HAL_PWR_EnableWakeUpPin                           build/stm32h7xx_hal_pwr.o
HAL_PWR_EnterSLEEPMode                            build/stm32h7xx_hal_pwr.o
HAL_PWR_EnterSTANDBYMode                          build/stm32h7xx_hal_pwr.o
HAL_PWR_EnterSTOPMode                             build/stm32h7xx_hal_pwr.o
HAL_PWR_PVDCallback                               build/stm32h7xx_hal_pwr.o
                                                  build/stm32h7xx_hal_pwr_ex.o
HAL_PWR_PVD_IRQHandler                            build/stm32h7xx_hal_pwr.o
HAL_RCCEx_CRSConfig                               build/stm32h7xx_hal_rcc_ex.o
HAL_RCCEx_CRSGetSynchronizationInfo               build/stm32h7xx_hal_rcc_ex.o
HAL_RCCEx_CRSSoftwareSynchronizationGenerate      build/stm32h7xx_hal_rcc_ex.o
HAL_RCCEx_CRSWaitSynchronization                  build/stm32h7xx_hal_rcc_ex.o
HAL_RCCEx_CRS_ErrorCallback                       build/stm32h7xx_hal_rcc_ex.o
HAL_RCCEx_CRS_ExpectedSyncCallback                build/stm32h7xx_hal_rcc_ex.o
HAL_RCCEx_CRS_IRQHandler                          build/stm32h7xx_hal_rcc_ex.o
HAL_RCCEx_CRS_SyncOkCallback                      build/stm32h7xx_hal_rcc_ex.o
HAL_RCCEx_CRS_SyncWarnCallback                    build/stm32h7xx_hal_rcc_ex.o
HAL_RCCEx_DisableLSECSS                           build/stm32h7xx_hal_rcc_ex.o
HAL_RCCEx_EnableLSECSS                            build/stm32h7xx_hal_rcc_ex.o
HAL_RCCEx_EnableLSECSS_IT                         build/stm32h7xx_hal_rcc_ex.o
HAL_RCCEx_GetD1PCLK1Freq                          build/stm32h7xx_hal_rcc_ex.o
HAL_RCCEx_GetD1SysClockFreq                       build/stm32h7xx_hal_rcc_ex.o
HAL_RCCEx_GetD3PCLK1Freq                          build/stm32h7xx_hal_rcc_ex.o
                                                  build/stm32h7xx_hal_uart.o
HAL_RCCEx_GetPLL1ClockFreq                        build/stm32h7xx_hal_rcc_ex.o
HAL_RCCEx_GetPLL2ClockFreq                        build/stm32h7xx_hal_rcc_ex.o
                                                  build/stm32h7xx_hal_uart.o
HAL_RCCEx_GetPLL3ClockFreq                        build/stm32h7xx_hal_rcc_ex.o
                                                  build/stm32h7xx_hal_uart.o
HAL_RCCEx_GetPeriphCLKConfig                      build/stm32h7xx_hal_rcc_ex.o
HAL_RCCEx_GetPeriphCLKFreq                        build/stm32h7xx_hal_rcc_ex.o
HAL_RCCEx_KerWakeUpStopCLKConfig                  build/stm32h7xx_hal_rcc_ex.o
HAL_RCCEx_LSECSS_Callback                         build/stm32h7xx_hal_rcc_ex.o
HAL_RCCEx_LSECSS_IRQHandler                       build/stm32h7xx_hal_rcc_ex.o
HAL_RCCEx_PeriphCLKConfig                         build/stm32h7xx_hal_rcc_ex.o
                                                  build/stm32h7xx_hal_msp.o
HAL_RCCEx_WWDGxSysResetConfig                     build/stm32h7xx_hal_rcc_ex.o
HAL_RCCEx_WakeUpStopCLKConfig                     build/stm32h7xx_hal_rcc_ex.o
HAL_RCC_CSSCallback                               build/stm32h7xx_hal_rcc.o
HAL_RCC_ClockConfig                               build/stm32h7xx_hal_rcc.o
                                                  build/main.o
HAL_RCC_DeInit                                    build/stm32h7xx_hal_rcc.o
HAL_RCC_DisableCSS                                build/stm32h7xx_hal_rcc.o
HAL_RCC_EnableCSS                                 build/stm32h7xx_hal_rcc.o
HAL_RCC_GetClockConfig                            build/stm32h7xx_hal_rcc.o
HAL_RCC_GetHCLKFreq                               build/stm32h7xx_hal_rcc.o
                                                  build/stm32h7xx_hal_rcc_ex.o
HAL_RCC_GetOscConfig                              build/stm32h7xx_hal_rcc.o
HAL_RCC_GetPCLK1Freq                              build/stm32h7xx_hal_rcc.o
                                                  build/stm32h7xx_hal_uart.o
HAL_RCC_GetPCLK2Freq                              build/stm32h7xx_hal_rcc.o
                                                  build/stm32h7xx_hal_uart.o
HAL_RCC_GetSysClockFreq                           build/stm32h7xx_hal_rcc.o
                                                  build/stm32h7xx_hal.o
                                                  build/stm32h7xx_hal_rcc_ex.o
HAL_RCC_MCOConfig                                 build/stm32h7xx_hal_rcc.o
HAL_RCC_NMI_IRQHandler                            build/stm32h7xx_hal_rcc.o
HAL_RCC_OscConfig                                 build/stm32h7xx_hal_rcc.o
                                                  build/main.o
HAL_RS485Ex_Init                                  build/stm32h7xx_hal_uart_ex.o
HAL_ResumeTick                                    build/stm32h7xx_hal.o
HAL_SPIEx_ConfigureUnderrun                       build/stm32h7xx_hal_spi_ex.o
HAL_SPIEx_EnableLockConfiguration                 build/stm32h7xx_hal_spi_ex.o
HAL_SPIEx_FlushRxFifo                             build/stm32h7xx_hal_spi_ex.o
HAL_SPI_Abort                                     build/stm32h7xx_hal_spi.o
HAL_SPI_AbortCpltCallback                         build/stm32h7xx_hal_spi.o
HAL_SPI_Abort_IT                                  build/stm32h7xx_hal_spi.o
HAL_SPI_DMAPause                                  build/stm32h7xx_hal_spi.o
HAL_SPI_DMAResume                                 build/stm32h7xx_hal_spi.o
HAL_SPI_DMAStop                                   build/stm32h7xx_hal_spi.o
HAL_SPI_DeInit                                    build/stm32h7xx_hal_spi.o
HAL_SPI_ErrorCallback                             build/stm32h7xx_hal_spi.o
HAL_SPI_GetError                                  build/stm32h7xx_hal_spi.o
HAL_SPI_GetState                                  build/stm32h7xx_hal_spi.o
HAL_SPI_IRQHandler                                build/stm32h7xx_hal_spi.o
HAL_SPI_Init                                      build/stm32h7xx_hal_spi.o
                                                  build/main.o
HAL_SPI_MspDeInit                                 build/stm32h7xx_hal_msp.o
HAL_SPI_MspInit                                   build/stm32h7xx_hal_msp.o
HAL_SPI_Receive                                   build/stm32h7xx_hal_spi.o
                                                  build/flash.o
HAL_SPI_Receive_DMA                               build/stm32h7xx_hal_spi.o
HAL_SPI_Receive_IT                                build/stm32h7xx_hal_spi.o
HAL_SPI_RxCpltCallback                            build/stm32h7xx_hal_spi.o
HAL_SPI_RxHalfCpltCallback                        build/stm32h7xx_hal_spi.o
HAL_SPI_Transmit                                  build/stm32h7xx_hal_spi.o
                                                  build/flash.o
HAL_SPI_TransmitReceive                           build/stm32h7xx_hal_spi.o
HAL_SPI_TransmitReceive_DMA                       build/stm32h7xx_hal_spi.o
HAL_SPI_TransmitReceive_IT                        build/stm32h7xx_hal_spi.o
HAL_SPI_Transmit_DMA                              build/stm32h7xx_hal_spi.o
HAL_SPI_Transmit_IT                               build/stm32h7xx_hal_spi.o
HAL_SPI_TxCpltCallback                            build/stm32h7xx_hal_spi.o
HAL_SPI_TxHalfCpltCallback                        build/stm32h7xx_hal_spi.o
HAL_SPI_TxRxCpltCallback                          build/stm32h7xx_hal_spi.o
HAL_SPI_TxRxHalfCpltCallback                      build/stm32h7xx_hal_spi.o
HAL_SYSCFG_AnalogSwitchConfig                     build/stm32h7xx_hal.o
HAL_SYSCFG_CM7BootAddConfig                       build/stm32h7xx_hal.o
HAL_SYSCFG_CompensationCodeConfig                 build/stm32h7xx_hal.o
HAL_SYSCFG_CompensationCodeSelect                 build/stm32h7xx_hal.o
HAL_SYSCFG_DisableBOOST                           build/stm32h7xx_hal.o
HAL_SYSCFG_DisableIOSpeedOptimize                 build/stm32h7xx_hal.o
HAL_SYSCFG_DisableVREFBUF                         build/stm32h7xx_hal.o
HAL_SYSCFG_ETHInterfaceSelect                     build/stm32h7xx_hal.o
HAL_SYSCFG_EnableBOOST                            build/stm32h7xx_hal.o
HAL_SYSCFG_EnableIOSpeedOptimize                  build/stm32h7xx_hal.o
HAL_SYSCFG_EnableVREFBUF                          build/stm32h7xx_hal.o
HAL_SYSCFG_VREFBUF_HighImpedanceConfig            build/stm32h7xx_hal.o
HAL_SYSCFG_VREFBUF_TrimmingConfig                 build/stm32h7xx_hal.o
HAL_SYSCFG_VREFBUF_VoltageScalingConfig           build/stm32h7xx_hal.o
HAL_SYSTICK_CLKSourceConfig                       build/stm32h7xx_hal_cortex.o
HAL_SYSTICK_Callback                              build/stm32h7xx_hal_cortex.o
HAL_SYSTICK_Config                                build/stm32h7xx_hal_cortex.o
                                                  build/stm32h7xx_hal.o
HAL_SYSTICK_IRQHandler                            build/stm32h7xx_hal_cortex.o
HAL_SetFMCMemorySwappingConfig                    build/stm32h7xx_hal.o
HAL_SetTickFreq                                   build/stm32h7xx_hal.o
HAL_SuspendTick                                   build/stm32h7xx_hal.o
HAL_UARTEx_DisableFifoMode                        build/stm32h7xx_hal_uart_ex.o
                                                  build/main.o
HAL_UARTEx_DisableStopMode                        build/stm32h7xx_hal_uart_ex.o
HAL_UARTEx_EnableFifoMode                         build/stm32h7xx_hal_uart_ex.o
HAL_UARTEx_EnableStopMode                         build/stm32h7xx_hal_uart_ex.o
HAL_UARTEx_ReceiveToIdle                          build/stm32h7xx_hal_uart_ex.o
HAL_UARTEx_ReceiveToIdle_DMA                      build/stm32h7xx_hal_uart_ex.o
HAL_UARTEx_ReceiveToIdle_IT                       build/stm32h7xx_hal_uart_ex.o
HAL_UARTEx_RxEventCallback                        build/stm32h7xx_hal_uart.o
HAL_UARTEx_RxFifoFullCallback                     build/stm32h7xx_hal_uart_ex.o
                                                  build/stm32h7xx_hal_uart.o
HAL_UARTEx_SetRxFifoThreshold                     build/stm32h7xx_hal_uart_ex.o
                                                  build/main.o
HAL_UARTEx_SetTxFifoThreshold                     build/stm32h7xx_hal_uart_ex.o
                                                  build/main.o
HAL_UARTEx_StopModeWakeUpSourceConfig             build/stm32h7xx_hal_uart_ex.o
HAL_UARTEx_TxFifoEmptyCallback                    build/stm32h7xx_hal_uart_ex.o
                                                  build/stm32h7xx_hal_uart.o
HAL_UARTEx_WakeupCallback                         build/stm32h7xx_hal_uart_ex.o
                                                  build/stm32h7xx_hal_uart.o
HAL_UART_Abort                                    build/stm32h7xx_hal_uart.o
HAL_UART_AbortCpltCallback                        build/stm32h7xx_hal_uart.o
HAL_UART_AbortReceive                             build/stm32h7xx_hal_uart.o
HAL_UART_AbortReceiveCpltCallback                 build/stm32h7xx_hal_uart.o
HAL_UART_AbortReceive_IT                          build/stm32h7xx_hal_uart.o
HAL_UART_AbortTransmit                            build/stm32h7xx_hal_uart.o
HAL_UART_AbortTransmitCpltCallback                build/stm32h7xx_hal_uart.o
HAL_UART_AbortTransmit_IT                         build/stm32h7xx_hal_uart.o
HAL_UART_Abort_IT                                 build/stm32h7xx_hal_uart.o
HAL_UART_DMAPause                                 build/stm32h7xx_hal_uart.o
HAL_UART_DMAResume                                build/stm32h7xx_hal_uart.o
HAL_UART_DMAStop                                  build/stm32h7xx_hal_uart.o
HAL_UART_DeInit                                   build/stm32h7xx_hal_uart.o
HAL_UART_DisableReceiverTimeout                   build/stm32h7xx_hal_uart.o
HAL_UART_EnableReceiverTimeout                    build/stm32h7xx_hal_uart.o
HAL_UART_ErrorCallback                            build/stm32h7xx_hal_uart.o
HAL_UART_GetError                                 build/stm32h7xx_hal_uart.o
HAL_UART_GetState                                 build/stm32h7xx_hal_uart.o
HAL_UART_IRQHandler                               build/stm32h7xx_hal_uart.o
HAL_UART_Init                                     build/stm32h7xx_hal_uart.o
                                                  build/main.o
HAL_UART_MspDeInit                                build/stm32h7xx_hal_msp.o
HAL_UART_MspInit                                  build/stm32h7xx_hal_msp.o
                                                  build/stm32h7xx_hal_uart_ex.o
HAL_UART_Receive                                  build/stm32h7xx_hal_uart.o
                                                  build/usb.o
                                                  build/flash.o
HAL_UART_Receive_DMA                              build/stm32h7xx_hal_uart.o
HAL_UART_Receive_IT                               build/stm32h7xx_hal_uart.o
HAL_UART_ReceiverTimeout_Config                   build/stm32h7xx_hal_uart.o
HAL_UART_RxCpltCallback                           build/stm32h7xx_hal_uart.o
HAL_UART_RxHalfCpltCallback                       build/stm32h7xx_hal_uart.o
HAL_UART_Transmit                                 build/stm32h7xx_hal_uart.o
                                                  build/sensor.o
                                                  build/usb.o
                                                  build/flash.o
HAL_UART_Transmit_DMA                             build/stm32h7xx_hal_uart.o
HAL_UART_Transmit_IT                              build/stm32h7xx_hal_uart.o
HAL_UART_TxCpltCallback                           build/stm32h7xx_hal_uart.o
HAL_UART_TxHalfCpltCallback                       build/stm32h7xx_hal_uart.o
HASH_RNG_IRQHandler                               build/startup_stm32h750xx.o
HRTIM1_FLT_IRQHandler                             build/startup_stm32h750xx.o
HRTIM1_Master_IRQHandler                          build/startup_stm32h750xx.o
HRTIM1_TIMA_IRQHandler                            build/startup_stm32h750xx.o
HRTIM1_TIMB_IRQHandler                            build/startup_stm32h750xx.o
HRTIM1_TIMC_IRQHandler                            build/startup_stm32h750xx.o
HRTIM1_TIMD_IRQHandler                            build/startup_stm32h750xx.o
HRTIM1_TIME_IRQHandler                            build/startup_stm32h750xx.o
HSEM1_IRQHandler                                  build/startup_stm32h750xx.o
HardFault_Handler                                 build/stm32h7xx_it.o
I2C1_ER_IRQHandler                                build/startup_stm32h750xx.o
I2C1_EV_IRQHandler                                build/startup_stm32h750xx.o
I2C2_ER_IRQHandler                                build/startup_stm32h750xx.o
I2C2_EV_IRQHandler                                build/startup_stm32h750xx.o
I2C3_ER_IRQHandler                                build/startup_stm32h750xx.o
I2C3_EV_IRQHandler                                build/startup_stm32h750xx.o
I2C4_ER_IRQHandler                                build/startup_stm32h750xx.o
I2C4_EV_IRQHandler                                build/startup_stm32h750xx.o
IMU_Config_Func                                   build/imu.o
IMU_MAG_Read_Register                             build/imu.o
IMU_MAG_Read_Registers                            build/imu.o
IMU_Read_Register                                 build/imu.o
IMU_Read_Registers                                build/imu.o
IMU_Write_Register                                build/imu.o
JPEG_IRQHandler                                   build/startup_stm32h750xx.o
LPTIM1_IRQHandler                                 build/startup_stm32h750xx.o
LPTIM2_IRQHandler                                 build/startup_stm32h750xx.o
LPTIM3_IRQHandler                                 build/startup_stm32h750xx.o
LPTIM4_IRQHandler                                 build/startup_stm32h750xx.o
LPTIM5_IRQHandler                                 build/startup_stm32h750xx.o
LPUART1_IRQHandler                                build/startup_stm32h750xx.o
LTDC_ER_IRQHandler                                build/startup_stm32h750xx.o
LTDC_IRQHandler                                   build/startup_stm32h750xx.o
MDIOS_IRQHandler                                  build/startup_stm32h750xx.o
MDIOS_WKUP_IRQHandler                             build/startup_stm32h750xx.o
MDMA_IRQHandler                                   build/startup_stm32h750xx.o
MemManage_Handler                                 build/stm32h7xx_it.o
NMI_Handler                                       build/stm32h7xx_it.o
OTG_FS_EP1_IN_IRQHandler                          build/startup_stm32h750xx.o
OTG_FS_EP1_OUT_IRQHandler                         build/startup_stm32h750xx.o
OTG_FS_IRQHandler                                 build/startup_stm32h750xx.o
OTG_FS_WKUP_IRQHandler                            build/startup_stm32h750xx.o
OTG_HS_EP1_IN_IRQHandler                          build/startup_stm32h750xx.o
OTG_HS_EP1_OUT_IRQHandler                         build/startup_stm32h750xx.o
OTG_HS_IRQHandler                                 build/startup_stm32h750xx.o